******************************************************************************
                  MSP430 Linker PC v4.4.5                      
******************************************************************************
>> Linked Thu Jul 28 12:02:02 2016

OUTPUT FILE NAME:   <lpwMSP430.out>
ENTRY POINT SYMBOL: "_c_int00_noargs_noexit"  address: 00005d86


MEMORY CONFIGURATION

         name            origin    length      used     unused   attr    fill
----------------------  --------  ---------  --------  --------  ----  --------
  SFR                   00000000   00000010  00000000  00000010  RWIX
  PERIPHERALS_8BIT      00000010   000000f0  00000000  000000f0  RWIX
  PERIPHERALS_16BIT     00000100   00000100  00000000  00000100  RWIX
  INFOD                 00001800   00000080  00000000  00000080  RWIX
  INFOC                 00001880   00000080  00000000  00000080  RWIX
  INFOB                 00001900   00000080  00000000  00000080  RWIX
  INFOA                 00001980   00000080  00000000  00000080  RWIX
  RAM                   00001c00   00004000  000006c4  0000393c  RWIX
  FLASH                 00005c00   0000a380  0000048e  00009ef2  RWIX
  INT00                 0000ff80   00000002  00000000  00000002  RWIX
  INT01                 0000ff82   00000002  00000000  00000002  RWIX
  INT02                 0000ff84   00000002  00000000  00000002  RWIX
  INT03                 0000ff86   00000002  00000000  00000002  RWIX
  INT04                 0000ff88   00000002  00000000  00000002  RWIX
  INT05                 0000ff8a   00000002  00000000  00000002  RWIX
  INT06                 0000ff8c   00000002  00000000  00000002  RWIX
  INT07                 0000ff8e   00000002  00000000  00000002  RWIX
  INT08                 0000ff90   00000002  00000000  00000002  RWIX
  INT09                 0000ff92   00000002  00000000  00000002  RWIX
  INT10                 0000ff94   00000002  00000000  00000002  RWIX
  INT11                 0000ff96   00000002  00000000  00000002  RWIX
  INT12                 0000ff98   00000002  00000000  00000002  RWIX
  INT13                 0000ff9a   00000002  00000000  00000002  RWIX
  INT14                 0000ff9c   00000002  00000000  00000002  RWIX
  INT15                 0000ff9e   00000002  00000000  00000002  RWIX
  INT16                 0000ffa0   00000002  00000000  00000002  RWIX
  INT17                 0000ffa2   00000002  00000000  00000002  RWIX
  INT18                 0000ffa4   00000002  00000000  00000002  RWIX
  INT19                 0000ffa6   00000002  00000000  00000002  RWIX
  INT20                 0000ffa8   00000002  00000000  00000002  RWIX
  INT21                 0000ffaa   00000002  00000000  00000002  RWIX
  INT22                 0000ffac   00000002  00000000  00000002  RWIX
  INT23                 0000ffae   00000002  00000000  00000002  RWIX
  INT24                 0000ffb0   00000002  00000000  00000002  RWIX
  INT25                 0000ffb2   00000002  00000000  00000002  RWIX
  INT26                 0000ffb4   00000002  00000000  00000002  RWIX
  INT27                 0000ffb6   00000002  00000000  00000002  RWIX
  INT28                 0000ffb8   00000002  00000000  00000002  RWIX
  INT29                 0000ffba   00000002  00000000  00000002  RWIX
  INT30                 0000ffbc   00000002  00000000  00000002  RWIX
  INT31                 0000ffbe   00000002  00000000  00000002  RWIX
  INT32                 0000ffc0   00000002  00000000  00000002  RWIX
  INT33                 0000ffc2   00000002  00000000  00000002  RWIX
  INT34                 0000ffc4   00000002  00000000  00000002  RWIX
  INT35                 0000ffc6   00000002  00000000  00000002  RWIX
  INT36                 0000ffc8   00000002  00000000  00000002  RWIX
  INT37                 0000ffca   00000002  00000000  00000002  RWIX
  INT38                 0000ffcc   00000002  00000000  00000002  RWIX
  INT39                 0000ffce   00000002  00000000  00000002  RWIX
  INT40                 0000ffd0   00000002  00000000  00000002  RWIX
  INT41                 0000ffd2   00000002  00000002  00000000  RWIX
  INT42                 0000ffd4   00000002  00000002  00000000  RWIX
  INT43                 0000ffd6   00000002  00000002  00000000  RWIX
  INT44                 0000ffd8   00000002  00000002  00000000  RWIX
  INT45                 0000ffda   00000002  00000002  00000000  RWIX
  INT46                 0000ffdc   00000002  00000002  00000000  RWIX
  INT47                 0000ffde   00000002  00000002  00000000  RWIX
  INT48                 0000ffe0   00000002  00000002  00000000  RWIX
  INT49                 0000ffe2   00000002  00000002  00000000  RWIX
  INT50                 0000ffe4   00000002  00000002  00000000  RWIX
  INT51                 0000ffe6   00000002  00000002  00000000  RWIX
  INT52                 0000ffe8   00000002  00000002  00000000  RWIX
  INT53                 0000ffea   00000002  00000002  00000000  RWIX
  INT54                 0000ffec   00000002  00000002  00000000  RWIX
  INT55                 0000ffee   00000002  00000002  00000000  RWIX
  INT56                 0000fff0   00000002  00000002  00000000  RWIX
  INT57                 0000fff2   00000002  00000002  00000000  RWIX
  INT58                 0000fff4   00000002  00000002  00000000  RWIX
  INT59                 0000fff6   00000002  00000002  00000000  RWIX
  INT60                 0000fff8   00000002  00000002  00000000  RWIX
  INT61                 0000fffa   00000002  00000002  00000000  RWIX
  INT62                 0000fffc   00000002  00000002  00000000  RWIX
  RESET                 0000fffe   00000002  00000002  00000000  RWIX
  FLASH2                00010000   00035c00  00004f46  00030cba  RWIX


SECTION ALLOCATION MAP

 output                                  attributes/
section   page    origin      length       input sections
--------  ----  ----------  ----------   ----------------
.bss       0    00001c00    000003dc     UNINITIALIZED
                  00001c00    000003c0     (.common:onqueue)
                  00001fc0    00000004     (.common:head)
                  00001fc4    00000004     (.common:prehead)
                  00001fc8    00000004     (.common:queuehead)
                  00001fcc    00000004     (.common:queuetail)
                  00001fd0    00000004     (.common:tail)
                  00001fd4    00000004     (.common:transPhase)
                  00001fd8    00000002     (.common:ans)
                  00001fda    00000002     (.common:real_vol)

.data      0    00001fdc    00000248     UNINITIALIZED
                  00001fdc    000000c8     usartfifo.obj (.data:queue)
                  000020a4    000000b0     rts430x_lc_rd_eabi.lib : signal.obj (.data:sigtable)
                  00002154    00000080                            : xvalues.obj (.data)
                  000021d4    0000001e     read_screen.obj (.data:string$1)
                  000021f2    00000008     phaseadjust.obj (.data)
                  000021fa    00000008     rts430x_lc_rd_eabi.lib : feraiseexcept.obj (.data)
                  00002202    00000008     ucs.obj (.data)
                  0000220a    00000004     rts430x_lc_rd_eabi.lib : _lock.obj (.data:_lock)
                  0000220e    00000004                            : _lock.obj (.data:_unlock)
                  00002212    00000004     moduleinit.obj (.data)
                  00002216    00000002     read_screen.obj (.data)
                  00002218    00000002     rts430x_lc_rd_eabi.lib : errno.obj (.data)
                  0000221a    00000002     usci_b0_spi.obj (.data)
                  0000221c    00000002     usci_b1_spi.obj (.data)
                  0000221e    00000002     usci_b2_spi.obj (.data)
                  00002220    00000002     usci_b3_spi.obj (.data)
                  00002222    00000001     humancontrol.obj (.data)
                  00002223    00000001     writescreen.obj (.data)

.stack     0    00005b60    000000a0     UNINITIALIZED
                  00005b60    00000004     rts430x_lc_rd_eabi.lib : boot.obj (.stack)
                  00005b64    0000009c     --HOLE--

.text:_isr 
*          0    00005c00    000001be     
                  00005c00    00000064     writescreen.obj (.text:_isr:USCI_A1_ISR)
                  00005c64    00000058     usci_b0_spi.obj (.text:_isr:USCI_B0_ISR)
                  00005cbc    0000004c     usci_b2_spi.obj (.text:_isr:USCI_B2_ISR)
                  00005d08    0000002c     humancontrol.obj (.text:_isr:USCI_A0_ISR)
                  00005d34    0000002c     usci_b1_spi.obj (.text:_isr:USCI_B1_ISR)
                  00005d60    00000026     main.obj (.text:_isr:TIMER1_A0_ISR)
                  00005d86    0000001a     rts430x_lc_rd_eabi.lib : boot_special.obj (.text:_isr:_c_int00_noargs_noexit)
                  00005da0    00000018     usci_b3_spi.obj (.text:_isr:USCI_B3_ISR)
                  00005db8    00000006     rts430x_lc_rd_eabi.lib : isr_trap.obj (.text:_isr:__TI_ISR_TRAP)

.const     0    00005dbe    00000262     
                  00005dbe    00000101     rts430x_lc_rd_eabi.lib : ctype.obj (.const:.string:_ctypes_)
                  00005ebf    00000001     --HOLE-- [fill = 0]
                  00005ec0    00000074     read_screen.obj (.const:.string)
                  00005f34    0000004c     humancontrol.obj (.const:.string)
                  00005f80    00000026     rts430x_lc_rd_eabi.lib : _printfi.obj (.const:.string)
                  00005fa6    0000001c     gpio.obj (.const:GPIO_PORT_TO_BASE)
                  00005fc2    00000018     uart_init.obj (.const)
                  00005fda    00000014     phaseadjust.obj (.const:.string)
                  00005fee    00000012     timer.obj (.const)
                  00006000    0000000e     writescreen.obj (.const:.string)
                  0000600e    0000000e     usci_b2_spi.obj (.const)
                  0000601c    00000004     moduleinit.obj (.const:.string)

.cinit     0    00006020    0000006e     
                  00006020    0000004c     (.cinit..data.load) [load image, compression = rle]
                  0000606c    0000000c     (__TI_handler_table)
                  00006078    00000006     (.cinit..bss.load) [load image, compression = zero_init]
                  0000607e    00000010     (__TI_cinit_table)

.init_array 
*          0    00005c00    00000000     UNINITIALIZED

.TI.persistent 
*          0    00001fdc    00000000     UNINITIALIZED

RTC        0    0000ffd2    00000002     
                  0000ffd2    00000002     rts430x_lc_rd_eabi.lib : int41.obj (.int41)

PORT2      0    0000ffd4    00000002     
                  0000ffd4    00000002     rts430x_lc_rd_eabi.lib : int42.obj (.int42)

USCI_B3    0    0000ffd6    00000002     
                  0000ffd6    00000002     usci_b3_spi.obj (.int43)

USCI_A3    0    0000ffd8    00000002     
                  0000ffd8    00000002     rts430x_lc_rd_eabi.lib : int44.obj (.int44)

USCI_B1    0    0000ffda    00000002     
                  0000ffda    00000002     usci_b1_spi.obj (.int45)

USCI_A1    0    0000ffdc    00000002     
                  0000ffdc    00000002     writescreen.obj (.int46)

PORT1      0    0000ffde    00000002     
                  0000ffde    00000002     rts430x_lc_rd_eabi.lib : int47.obj (.int47)

TIMER1_A1 
*          0    0000ffe0    00000002     
                  0000ffe0    00000002     rts430x_lc_rd_eabi.lib : int48.obj (.int48)

TIMER1_A0 
*          0    0000ffe2    00000002     
                  0000ffe2    00000002     main.obj (.int49)

DMA        0    0000ffe4    00000002     
                  0000ffe4    00000002     rts430x_lc_rd_eabi.lib : int50.obj (.int50)

USCI_B2    0    0000ffe6    00000002     
                  0000ffe6    00000002     usci_b2_spi.obj (.int51)

USCI_A2    0    0000ffe8    00000002     
                  0000ffe8    00000002     rts430x_lc_rd_eabi.lib : int52.obj (.int52)

TIMER0_A1 
*          0    0000ffea    00000002     
                  0000ffea    00000002     rts430x_lc_rd_eabi.lib : int53.obj (.int53)

TIMER0_A0 
*          0    0000ffec    00000002     
                  0000ffec    00000002     rts430x_lc_rd_eabi.lib : int54.obj (.int54)

ADC12      0    0000ffee    00000002     
                  0000ffee    00000002     rts430x_lc_rd_eabi.lib : int55.obj (.int55)

USCI_B0    0    0000fff0    00000002     
                  0000fff0    00000002     usci_b0_spi.obj (.int56)

USCI_A0    0    0000fff2    00000002     
                  0000fff2    00000002     humancontrol.obj (.int57)

WDT        0    0000fff4    00000002     
                  0000fff4    00000002     rts430x_lc_rd_eabi.lib : int58.obj (.int58)

TIMER0_B1 
*          0    0000fff6    00000002     
                  0000fff6    00000002     rts430x_lc_rd_eabi.lib : int59.obj (.int59)

TIMER0_B0 
*          0    0000fff8    00000002     
                  0000fff8    00000002     rts430x_lc_rd_eabi.lib : int60.obj (.int60)

UNMI       0    0000fffa    00000002     
                  0000fffa    00000002     rts430x_lc_rd_eabi.lib : int61.obj (.int61)

SYSNMI     0    0000fffc    00000002     
                  0000fffc    00000002     rts430x_lc_rd_eabi.lib : int62.obj (.int62)

.reset     0    0000fffe    00000002     
                  0000fffe    00000002     rts430x_lc_rd_eabi.lib : boot.obj (.reset)

.text      0    00010000    00004f46     
                  00010000    00000452     rts430x_lc_rd_eabi.lib : frcdivd.obj (.text:__TI_frcdivd)
                  00010452    0000039a                            : div64u.obj (.text:__mspabi_divull)
                  000107ec    000002e4                            : frcmpyd.obj (.text:__TI_frcmpyd)
                  00010ad0    000002d8                            : addd.obj (.text:__mspabi_addd)
                  00010da8    00000282                            : mpyd.obj (.text:__mspabi_mpyd)
                  0001102a    00000262                            : _printfi.obj (.text:_setfield)
                  0001128c    00000252                            : frcaddd.obj (.text:__TI_frcaddd)
                  000114de    00000222                            : divd.obj (.text:__mspabi_divd)
                  00011700    00000218                            : _printfi.obj (.text:_pproc_fgea)
                  00011918    00000218                            : _printfi.obj (.text:ecvt)
                  00011b30    00000212                            : _printfi.obj (.text:acvt)
                  00011d42    00000202                            : _printfi.obj (.text:__TI_printfi)
                  00011f44    00000202                            : _printfi.obj (.text:fcvt)
                  00012146    000001a4                            : _printfi.obj (.text:_pconv_e)
                  000122ea    0000019e                            : xdscale.obj (.text:_Dscale)
                  00012488    00000188                            : _printfi.obj (.text:_getarg_diouxp)
                  00012610    0000016e                            : _printfi.obj (.text:_pconv_a)
                  0001277e    00000148                            : _printfi.obj (.text:_pproc_diouxp)
                  000128c6    0000013e     read_screen.obj (.text:screenRuning)
                  00012a04    00000108     ucs.obj (.text:privateUCSSourceClockFromDCO)
                  00012b0c    00000100     rts430x_lc_rd_eabi.lib : xdnorm.obj (.text:_Dnorm)
                  00012c0c    000000fc                            : _printfi.obj (.text:_pconv_g)
                  00012d08    000000fa                            : _printfi.obj (.text:_pproc_fwp)
                  00012e02    000000e8     screenid.obj (.text:screenMessageTrans)
                  00012eea    000000de     ucs.obj (.text:privateUCSComputeCLKFrequency)
                  00012fc8    000000d8     rts430x_lc_rd_eabi.lib : cmpd.obj (.text:__mspabi_cmpd)
                  000130a0    000000d6     usci_a_uart.obj (.text:USCI_A_UART_init)
                  00013176    000000d4     phaseadjust.obj (.text:phaseSet)
                  0001324a    000000b2     rts430x_lc_rd_eabi.lib : renormd.obj (.text:__TI_renormd)
                  000132fc    000000b2     event.obj (.text:clearQueue)
                  000133ae    000000a8     rts430x_lc_rd_eabi.lib : _printfi.obj (.text:_pproc_str)
                  00013456    000000a6     event.obj (.text:initQueue)
                  000134fc    0000009e     rts430x_lc_rd_eabi.lib : _printfi.obj (.text:_ltostr)
                  0001359a    00000094                            : fltlid.obj (.text:__mspabi_fltlid)
                  0001362e    00000094                            : _printfi.obj (.text:_ecpy)
                  000136c2    00000090                            : _printfi.obj (.text:_mcpy)
                  00013752    0000008e     usci_b2_spi.obj (.text:usci_b2_fpga_spi_init)
                  000137e0    0000008a     timer.obj (.text:initTimerRountine)
                  0001386a    00000088     uart_init.obj (.text:UartScreenInit)
                  000138f2    00000088     rts430x_lc_rd_eabi.lib : _printfi.obj (.text:_div)
                  0001397a    00000088     main.obj (.text:main)
                  00013a02    00000088     moduleinit.obj (.text:rountineIdle)
                  00013a8a    00000086     rts430x_lc_rd_eabi.lib : ldexp.obj (.text:ldexp)
                  00013b10    00000084     read_screen.obj (.text:rountineUartScreen)
                  00013b94    00000080     rts430x_lc_rd_eabi.lib : ltoa.obj (.text:ltoa)
                  00013c14    00000078                            : _printfi.obj (.text:_pconv_f)
                  00013c8c    00000076     event.obj (.text:insertHander)
                  00013d02    00000074     read_screen.obj (.text:USCI_A1_URAT_read_screen_string)
                  00013d76    00000074     uart_init.obj (.text:UartPCInit)
                  00013dea    00000072     rts430x_lc_rd_eabi.lib : xdunscal.obj (.text:_Dunscale)
                  00013e5c    00000070     phaseadjust.obj (.text:rountineFpga)
                  00013ecc    0000006c     rts430x_lc_rd_eabi.lib : autoinit_wdt.obj (.text:_auto_init_hold_wdt)
                  00013f38    00000068                            : copy_decompress_rle.obj (.text:__TI_decompress_rle_core)
                  00013fa0    00000068     humancontrol.obj (.text:printStringOnPC)
                  00014008    00000066     rts430x_lc_rd_eabi.lib : fixdli.obj (.text:__mspabi_fixdli)
                  0001406e    00000062                            : atoi.obj (.text:atoi)
                  000140d0    00000062     phaseadjust.obj (.text:masterWriteMessage)
                  00014132    0000005c     usci_b_spi.obj (.text:USCI_B_SPI_initMaster)
                  0001418e    0000005a     button.obj (.text:changeState)
                  000141e8    00000058     rts430x_lc_rd_eabi.lib : div32u.obj (.text)
                  00014240    00000052     writescreen.obj (.text:USCI_A1_UART_screen_string_transmitData)
                  00014292    00000050     timer_a.obj (.text:Timer_A_initContinuousMode)
                  000142e2    00000050     rts430x_lc_rd_eabi.lib : xdclass.obj (.text:_Dclass)
                  00014332    00000050     usartfifo.obj (.text:get_a_char_fifo)
                  00014382    0000004e     rts430x_lc_rd_eabi.lib : _printfi.obj (.text:_fcpy)
                  000143d0    0000004e     humancontrol.obj (.text:rountinePCUart)
                  0001441e    00000046     rts430x_lc_rd_eabi.lib : _printfi.obj (.text:_pproc_fflags)
                  00014464    00000046     event.obj (.text:getHandler)
                  000144aa    00000044     usci_a_uart.obj (.text:USCI_A_UART_transmitBreak)
                  000144ee    00000044     phaseadjust.obj (.text:spiFpgaMessageFill)
                  00014532    00000044     rts430x_lc_rd_eabi.lib : sprintf.obj (.text:sprintf)
                  00014576    00000042                            : frexp.obj (.text:frexp)
                  000145b8    00000040                            : div32s.obj (.text)
                  000145f8    0000003e                            : _printfi.obj (.text:incr_hex)
                  00014636    0000003e     usartfifo.obj (.text:init_fifo)
                  00014674    0000003e     rts430x_lc_rd_eabi.lib : asr32.obj (.text:l_asr_const)
                  000146b2    0000003e                            : lsl32.obj (.text:l_lsl_const)
                  000146f0    0000003e                            : lsr32.obj (.text:l_lsr_const)
                  0001472e    0000003c     usartfifo.obj (.text:insert_a_char_fifo)
                  0001476a    0000003a     rts430x_lc_rd_eabi.lib : lsl64.obj (.text:__mspabi_sllll)
                  000147a4    0000003a                            : lsr64.obj (.text:__mspabi_srlll)
                  000147de    00000038     timer_a.obj (.text:Timer_A_initCompareMode)
                  00014816    00000038     event.obj (.text:deleteHander)
                  0001484e    00000038     moduleinit.obj (.text:peripherModuleInit)
                  00014886    00000038     rts430x_lc_rd_eabi.lib : signal.obj (.text:signal)
                  000148be    00000036                            : xferaise.obj (.text:_Feraise)
                  000148f4    00000036     interinit.obj (.text:initInterface)
                  0001492a    00000034     rts430x_lc_rd_eabi.lib : feraiseexcept.obj (.text:feraiseexcept)
                  0001495e    00000032                            : subd.obj (.text:__mspabi_subd)
                  00014990    00000032                            : raise.obj (.text:raise)
                  000149c2    0000002e                            : negd.obj (.text:__mspabi_negd)
                  000149f0    0000002e     humancontrol.obj (.text:createUartPCTask)
                  00014a1e    0000002e     read_screen.obj (.text:createUartScreenTask)
                  00014a4c    0000002c     phaseadjust.obj (.text:createFpgaSpiTask)
                  00014a78    0000002c     increase.obj (.text:produceHandler)
                  00014aa4    0000002c     rts430x_lc_rd_eabi.lib : div16s.obj (.text)
                  00014ad0    00000028     gpio.obj (.text:GPIO_setAsOutputPin)
                  00014af8    00000028     gpio.obj (.text:GPIO_setAsPeripheralModuleFunctionInputPin)
                  00014b20    00000028     rts430x_lc_rd_eabi.lib : fixdi.obj (.text:__mspabi_fixdi)
                  00014b48    00000026     humancontrol.obj (.text:PC_USCI_A0_UART_string_transmitData)
                  00014b6e    00000024     rts430x_lc_rd_eabi.lib : copy_zero_init.obj (.text:decompress:ZI:__TI_zero_init)
                  00014b92    00000022                            : mult32_f5hw.obj (.text)
                  00014bb4    00000020     usci_a_uart.obj (.text:USCI_A_UART_transmitData)
                  00014bd4    00000020     wdt_a.obj (.text:WDT_A_hold)
                  00014bf4    00000020     rts430x_lc_rd_eabi.lib : sprintf.obj (.text:_outs)
                  00014c14    00000020     phaseadjust.obj (.text:master_write_a_byte)
                  00014c34    00000020     rts430x_lc_rd_eabi.lib : _printfi.obj (.text:val_hex)
                  00014c54    0000001e     usci_a_uart.obj (.text:USCI_A_UART_enableInterrupt)
                  00014c72    0000001e     usci_a_uart.obj (.text:USCI_A_UART_receiveData)
                  00014c90    0000001e     rts430x_lc_rd_eabi.lib : memccpy.obj (.text:memccpy)
                  00014cae    0000001c     gpio.obj (.text:GPIO_setOutputHighOnPin)
                  00014cca    0000001c     gpio.obj (.text:GPIO_setOutputLowOnPin)
                  00014ce6    0000001c     rts430x_lc_rd_eabi.lib : strchr.obj (.text:strchr)
                  00014d02    0000001a     ucs.obj (.text:UCS_getSMCLK)
                  00014d1c    00000016     rts430x_lc_rd_eabi.lib : memset.obj (.text:memset)
                  00014d32    00000016     event.obj (.text:mystringncpy)
                  00014d48    00000016     rts430x_lc_rd_eabi.lib : div16u.obj (.text)
                  00014d5e    00000016                            : mult16_f5hw.obj (.text)
                  00014d74    00000016     gene.obj (.text:trigger)
                  00014d8a    00000016     uart_init.obj (.text:uartStrncpy)
                  00014da0    00000014     rts430x_lc_rd_eabi.lib : sprintf.obj (.text:_outc)
                  00014db4    00000014                            : memcpy.obj (.text:memcpy)
                  00014dc8    00000012                            : copy_decompress_none.obj (.text:decompress:none:__TI_decompress_none)
                  00014dda    00000012     phaseadjust.obj (.text:lpwstrncpy)
                  00014dec    00000012     read_screen.obj (.text:screen_strncpy)
                  00014dfe    00000012     rts430x_lc_rd_eabi.lib : toupper.obj (.text:toupper)
                  00014e10    00000012     lpwstring.obj (.text:uint8Strncpy)
                  00014e22    00000010     rts430x_lc_rd_eabi.lib : asr32.obj (.text:l_asr)
                  00014e32    00000010                            : lsl32.obj (.text:l_lsl)
                  00014e42    00000010                            : lsr32.obj (.text:l_lsr)
                  00014e52    0000000e                            : strlen.obj (.text:strlen)
                  00014e60    0000000c     timer_a.obj (.text:Timer_A_disableCaptureCompareInterrupt)
                  00014e6c    0000000c     timer_a.obj (.text:Timer_A_enableCaptureCompareInterrupt)
                  00014e78    0000000c     timer_a.obj (.text:Timer_A_setCompareValue)
                  00014e84    0000000c     usci_a_uart.obj (.text:USCI_A_UART_clearInterrupt)
                  00014e90    0000000c     usci_b_spi.obj (.text:USCI_B_SPI_clearInterrupt)
                  00014e9c    0000000c     usci_b_spi.obj (.text:USCI_B_SPI_disableInterrupt)
                  00014ea8    0000000c     usci_b_spi.obj (.text:USCI_B_SPI_enableInterrupt)
                  00014eb4    0000000c     rts430x_lc_rd_eabi.lib : fltid.obj (.text:__mspabi_fltid)
                  00014ec0    0000000c     gene.obj (.text:inittrigger)
                  00014ecc    0000000a     timer_a.obj (.text:Timer_A_clearCaptureCompareInterrupt)
                  00014ed6    0000000a     timer_a.obj (.text:Timer_A_getCaptureCompareCount)
                  00014ee0    0000000a     usci_a_uart.obj (.text:USCI_A_UART_getInterruptStatus)
                  00014eea    0000000a     usci_b_spi.obj (.text:USCI_B_SPI_getInterruptStatus)
                  00014ef4    0000000a     usci_b_spi.obj (.text:USCI_B_SPI_transmitData)
                  00014efe    0000000a     rts430x_lc_rd_eabi.lib : abs.obj (.text:abs)
                  00014f08    0000000a                            : lsl16.obj (.text)
                  00014f12    0000000a                            : lsr16.obj (.text)
                  00014f1c    00000008     usci_b_spi.obj (.text:USCI_B_SPI_receiveData)
                  00014f24    00000006     timer_a.obj (.text:Timer_A_startCounter)
                  00014f2a    00000006     usci_a_uart.obj (.text:USCI_A_UART_enable)
                  00014f30    00000006     usci_b_spi.obj (.text:USCI_B_SPI_enable)
                  00014f36    00000006     rts430x_lc_rd_eabi.lib : copy_decompress_rle.obj (.text:decompress:rle24:__TI_decompress_rle24)
                  00014f3c    00000004                            : pre_init.obj (.text:_system_pre_init)
                  00014f40    00000004                            : exit.obj (.text:abort)
                  00014f44    00000002                            : _lock.obj (.text:_nop)


LINKER GENERATED COPY TABLES

__TI_cinit_table @ 0000607e records: 2, size/record: 8, table size: 16
	.data: load addr=00006020, load size=0000004c bytes, run addr=00001fdc, run size=00000248 bytes, compression=rle
	.bss: load addr=00006078, load size=00000006 bytes, run addr=00001c00, run size=000003dc bytes, compression=zero_init


LINKER GENERATED HANDLER TABLE

__TI_handler_table @ 0000606c records: 3, size/record: 4, table size: 12
	index: 0, handler: __TI_zero_init
	index: 1, handler: __TI_decompress_rle24
	index: 2, handler: __TI_decompress_none


GLOBAL SYMBOLS: SORTED ALPHABETICALLY BY Name 

address   name                                      
-------   ----                                      
00002222  A0receivedData                            
00002223  A1receivedData                            
00000700  ADC12CTL0                                 
00000701  ADC12CTL0_H                               
00000700  ADC12CTL0_L                               
00000702  ADC12CTL1                                 
00000703  ADC12CTL1_H                               
00000702  ADC12CTL1_L                               
00000704  ADC12CTL2                                 
00000705  ADC12CTL2_H                               
00000704  ADC12CTL2_L                               
0000070c  ADC12IE                                   
0000070d  ADC12IE_H                                 
0000070c  ADC12IE_L                                 
0000070a  ADC12IFG                                  
0000070b  ADC12IFG_H                                
0000070a  ADC12IFG_L                                
0000070e  ADC12IV                                   
0000070f  ADC12IV_H                                 
0000070e  ADC12IV_L                                 
00000710  ADC12MCTL0                                
00000711  ADC12MCTL1                                
0000071a  ADC12MCTL10                               
0000071b  ADC12MCTL11                               
0000071c  ADC12MCTL12                               
0000071d  ADC12MCTL13                               
0000071e  ADC12MCTL14                               
0000071f  ADC12MCTL15                               
00000712  ADC12MCTL2                                
00000713  ADC12MCTL3                                
00000714  ADC12MCTL4                                
00000715  ADC12MCTL5                                
00000716  ADC12MCTL6                                
00000717  ADC12MCTL7                                
00000718  ADC12MCTL8                                
00000719  ADC12MCTL9                                
00000720  ADC12MEM0                                 
00000721  ADC12MEM0_H                               
00000720  ADC12MEM0_L                               
00000722  ADC12MEM1                                 
00000734  ADC12MEM10                                
00000735  ADC12MEM10_H                              
00000734  ADC12MEM10_L                              
00000736  ADC12MEM11                                
00000737  ADC12MEM11_H                              
00000736  ADC12MEM11_L                              
00000738  ADC12MEM12                                
00000739  ADC12MEM12_H                              
00000738  ADC12MEM12_L                              
0000073a  ADC12MEM13                                
0000073b  ADC12MEM13_H                              
0000073a  ADC12MEM13_L                              
0000073c  ADC12MEM14                                
0000073d  ADC12MEM14_H                              
0000073c  ADC12MEM14_L                              
0000073e  ADC12MEM15                                
0000073f  ADC12MEM15_H                              
0000073e  ADC12MEM15_L                              
00000723  ADC12MEM1_H                               
00000722  ADC12MEM1_L                               
00000724  ADC12MEM2                                 
00000725  ADC12MEM2_H                               
00000724  ADC12MEM2_L                               
00000726  ADC12MEM3                                 
00000727  ADC12MEM3_H                               
00000726  ADC12MEM3_L                               
00000728  ADC12MEM4                                 
00000729  ADC12MEM4_H                               
00000728  ADC12MEM4_L                               
0000072a  ADC12MEM5                                 
0000072b  ADC12MEM5_H                               
0000072a  ADC12MEM5_L                               
0000072c  ADC12MEM6                                 
0000072d  ADC12MEM6_H                               
0000072c  ADC12MEM6_L                               
0000072e  ADC12MEM7                                 
0000072f  ADC12MEM7_H                               
0000072e  ADC12MEM7_L                               
00000730  ADC12MEM8                                 
00000731  ADC12MEM8_H                               
00000730  ADC12MEM8_L                               
00000732  ADC12MEM9                                 
00000733  ADC12MEM9_H                               
00000732  ADC12MEM9_L                               
00014f40  C$$EXIT                                   
00000150  CRCDI                                     
00000152  CRCDIRB                                   
00000153  CRCDIRB_H                                 
00000152  CRCDIRB_L                                 
00000151  CRCDI_H                                   
00000150  CRCDI_L                                   
00000154  CRCINIRES                                 
00000155  CRCINIRES_H                               
00000154  CRCINIRES_L                               
00000156  CRCRESR                                   
00000157  CRCRESR_H                                 
00000156  CRCRESR_L                                 
00000510  DMA0CTL                                   
00000511  DMA0CTL_H                                 
00000510  DMA0CTL_L                                 
00000516  DMA0DA                                    
00000518  DMA0DAH                                   
00000516  DMA0DAL                                   
00000512  DMA0SA                                    
00000514  DMA0SAH                                   
00000512  DMA0SAL                                   
0000051a  DMA0SZ                                    
00000520  DMA1CTL                                   
00000521  DMA1CTL_H                                 
00000520  DMA1CTL_L                                 
00000526  DMA1DA                                    
00000528  DMA1DAH                                   
00000526  DMA1DAL                                   
00000522  DMA1SA                                    
00000524  DMA1SAH                                   
00000522  DMA1SAL                                   
0000052a  DMA1SZ                                    
00000530  DMA2CTL                                   
00000531  DMA2CTL_H                                 
00000530  DMA2CTL_L                                 
00000536  DMA2DA                                    
00000538  DMA2DAH                                   
00000536  DMA2DAL                                   
00000532  DMA2SA                                    
00000534  DMA2SAH                                   
00000532  DMA2SAL                                   
0000053a  DMA2SZ                                    
00000500  DMACTL0                                   
00000501  DMACTL0_H                                 
00000500  DMACTL0_L                                 
00000502  DMACTL1                                   
00000503  DMACTL1_H                                 
00000502  DMACTL1_L                                 
00000504  DMACTL2                                   
00000505  DMACTL2_H                                 
00000504  DMACTL2_L                                 
00000506  DMACTL3                                   
00000507  DMACTL3_H                                 
00000506  DMACTL3_L                                 
00000508  DMACTL4                                   
00000509  DMACTL4_H                                 
00000508  DMACTL4_L                                 
0000050e  DMAIV                                     
0000050f  DMAIV_H                                   
0000050e  DMAIV_L                                   
00000140  FCTL1                                     
00000141  FCTL1_H                                   
00000140  FCTL1_L                                   
00000144  FCTL3                                     
00000145  FCTL3_H                                   
00000144  FCTL3_L                                   
00000146  FCTL4                                     
00000147  FCTL4_H                                   
00000146  FCTL4_L                                   
00014ad0  GPIO_setAsOutputPin                       
00014af8  GPIO_setAsPeripheralModuleFunctionInputPin
00014cae  GPIO_setOutputHighOnPin                   
00014cca  GPIO_setOutputLowOnPin                    
000004c4  MAC                                       
000004da  MAC32H                                    
000004db  MAC32H_H                                  
000004da  MAC32H_L                                  
000004d8  MAC32L                                    
000004d9  MAC32L_H                                  
000004d8  MAC32L_L                                  
000004c6  MACS                                      
000004de  MACS32H                                   
000004df  MACS32H_H                                 
000004de  MACS32H_L                                 
000004dc  MACS32L                                   
000004dd  MACS32L_H                                 
000004dc  MACS32L_L                                 
000004c7  MACS_H                                    
000004c6  MACS_L                                    
000004c5  MAC_H                                     
000004c4  MAC_L                                     
000004c0  MPY                                       
000004ec  MPY32CTL0                                 
000004ed  MPY32CTL0_H                               
000004ec  MPY32CTL0_L                               
000004d2  MPY32H                                    
000004d3  MPY32H_H                                  
000004d2  MPY32H_L                                  
000004d0  MPY32L                                    
000004d1  MPY32L_H                                  
000004d0  MPY32L_L                                  
000004c2  MPYS                                      
000004d6  MPYS32H                                   
000004d7  MPYS32H_H                                 
000004d6  MPYS32H_L                                 
000004d4  MPYS32L                                   
000004d5  MPYS32L_H                                 
000004d4  MPYS32L_L                                 
000004c3  MPYS_H                                    
000004c2  MPYS_L                                    
000004c1  MPY_H                                     
000004c0  MPY_L                                     
000004c8  OP2                                       
000004e2  OP2H                                      
000004e3  OP2H_H                                    
000004e2  OP2H_L                                    
000004e0  OP2L                                      
000004e1  OP2L_H                                    
000004e0  OP2L_L                                    
000004c9  OP2_H                                     
000004c8  OP2_L                                     
0000020e  P1IV                                      
0000021e  P2IV                                      
00000204  PADIR                                     
00000205  PADIR_H                                   
00000204  PADIR_L                                   
00000208  PADS                                      
00000209  PADS_H                                    
00000208  PADS_L                                    
0000021a  PAIE                                      
00000218  PAIES                                     
00000219  PAIES_H                                   
00000218  PAIES_L                                   
0000021b  PAIE_H                                    
0000021a  PAIE_L                                    
0000021c  PAIFG                                     
0000021d  PAIFG_H                                   
0000021c  PAIFG_L                                   
00000200  PAIN                                      
00000201  PAIN_H                                    
00000200  PAIN_L                                    
00000202  PAOUT                                     
00000203  PAOUT_H                                   
00000202  PAOUT_L                                   
00000206  PAREN                                     
00000207  PAREN_H                                   
00000206  PAREN_L                                   
0000020a  PASEL                                     
0000020b  PASEL_H                                   
0000020a  PASEL_L                                   
00000224  PBDIR                                     
00000225  PBDIR_H                                   
00000224  PBDIR_L                                   
00000228  PBDS                                      
00000229  PBDS_H                                    
00000228  PBDS_L                                    
00000220  PBIN                                      
00000221  PBIN_H                                    
00000220  PBIN_L                                    
00000222  PBOUT                                     
00000223  PBOUT_H                                   
00000222  PBOUT_L                                   
00000226  PBREN                                     
00000227  PBREN_H                                   
00000226  PBREN_L                                   
0000022a  PBSEL                                     
0000022b  PBSEL_H                                   
0000022a  PBSEL_L                                   
00000244  PCDIR                                     
00000245  PCDIR_H                                   
00000244  PCDIR_L                                   
00000248  PCDS                                      
00000249  PCDS_H                                    
00000248  PCDS_L                                    
00000240  PCIN                                      
00000241  PCIN_H                                    
00000240  PCIN_L                                    
00000242  PCOUT                                     
00000243  PCOUT_H                                   
00000242  PCOUT_L                                   
00000246  PCREN                                     
00000247  PCREN_H                                   
00000246  PCREN_L                                   
0000024a  PCSEL                                     
0000024b  PCSEL_H                                   
0000024a  PCSEL_L                                   
00014b48  PC_USCI_A0_UART_string_transmitData       
00000264  PDDIR                                     
00000265  PDDIR_H                                   
00000264  PDDIR_L                                   
00000268  PDDS                                      
00000269  PDDS_H                                    
00000268  PDDS_L                                    
00000260  PDIN                                      
00000261  PDIN_H                                    
00000260  PDIN_L                                    
00000262  PDOUT                                     
00000263  PDOUT_H                                   
00000262  PDOUT_L                                   
00000266  PDREN                                     
00000267  PDREN_H                                   
00000266  PDREN_L                                   
0000026a  PDSEL                                     
0000026b  PDSEL_H                                   
0000026a  PDSEL_L                                   
00000284  PEDIR                                     
00000285  PEDIR_H                                   
00000284  PEDIR_L                                   
00000288  PEDS                                      
00000289  PEDS_H                                    
00000288  PEDS_L                                    
00000280  PEIN                                      
00000281  PEIN_H                                    
00000280  PEIN_L                                    
00000282  PEOUT                                     
00000283  PEOUT_H                                   
00000282  PEOUT_L                                   
00000286  PEREN                                     
00000287  PEREN_H                                   
00000286  PEREN_L                                   
0000028a  PESEL                                     
0000028b  PESEL_H                                   
0000028a  PESEL_L                                   
000002a4  PFDIR                                     
000002a5  PFDIR_H                                   
000002a4  PFDIR_L                                   
000002a8  PFDS                                      
000002a9  PFDS_H                                    
000002a8  PFDS_L                                    
000002a0  PFIN                                      
000002a1  PFIN_H                                    
000002a0  PFIN_L                                    
000002a2  PFOUT                                     
000002a3  PFOUT_H                                   
000002a2  PFOUT_L                                   
000002a6  PFREN                                     
000002a7  PFREN_H                                   
000002a6  PFREN_L                                   
000002aa  PFSEL                                     
000002ab  PFSEL_H                                   
000002aa  PFSEL_L                                   
00000324  PJDIR                                     
00000325  PJDIR_H                                   
00000324  PJDIR_L                                   
00000328  PJDS                                      
00000329  PJDS_H                                    
00000328  PJDS_L                                    
00000320  PJIN                                      
00000321  PJIN_H                                    
00000320  PJIN_L                                    
00000322  PJOUT                                     
00000323  PJOUT_H                                   
00000322  PJOUT_L                                   
00000326  PJREN                                     
00000327  PJREN_H                                   
00000326  PJREN_L                                   
00000130  PM5CTL0                                   
00000131  PM5CTL0_H                                 
00000130  PM5CTL0_L                                 
00000120  PMMCTL0                                   
00000121  PMMCTL0_H                                 
00000120  PMMCTL0_L                                 
00000122  PMMCTL1                                   
00000123  PMMCTL1_H                                 
00000122  PMMCTL1_L                                 
0000012c  PMMIFG                                    
0000012d  PMMIFG_H                                  
0000012c  PMMIFG_L                                  
0000012e  PMMRIE                                    
0000012f  PMMRIE_H                                  
0000012e  PMMRIE_L                                  
00000158  RCCTL0                                    
00000159  RCCTL0_H                                  
00000158  RCCTL0_L                                  
000001b0  REFCTL0                                   
000001b1  REFCTL0_H                                 
000001b0  REFCTL0_L                                 
000004e4  RES0                                      
000004e5  RES0_H                                    
000004e4  RES0_L                                    
000004e6  RES1                                      
000004e7  RES1_H                                    
000004e6  RES1_L                                    
000004e8  RES2                                      
000004e9  RES2_H                                    
000004e8  RES2_L                                    
000004ea  RES3                                      
000004eb  RES3_H                                    
000004ea  RES3_L                                    
000004cc  RESHI                                     
000004cd  RESHI_H                                   
000004cc  RESHI_L                                   
000004ca  RESLO                                     
000004cb  RESLO_H                                   
000004ca  RESLO_L                                   
000004ba  RTCADOWDAY                                
000004bb  RTCADOWDAY_H                              
000004ba  RTCADOWDAY_L                              
000004b8  RTCAMINHR                                 
000004b9  RTCAMINHR_H                               
000004b8  RTCAMINHR_L                               
000004a0  RTCCTL01                                  
000004a1  RTCCTL01_H                                
000004a0  RTCCTL01_L                                
000004a2  RTCCTL23                                  
000004a3  RTCCTL23_H                                
000004a2  RTCCTL23_L                                
000004b4  RTCDATE                                   
000004b5  RTCDATE_H                                 
000004b4  RTCDATE_L                                 
000004ae  RTCIV                                     
000004ac  RTCPS                                     
000004a8  RTCPS0CTL                                 
000004a9  RTCPS0CTL_H                               
000004a8  RTCPS0CTL_L                               
000004aa  RTCPS1CTL                                 
000004ab  RTCPS1CTL_H                               
000004aa  RTCPS1CTL_L                               
000004ad  RTCPS_H                                   
000004ac  RTCPS_L                                   
000004b0  RTCTIM0                                   
000004b1  RTCTIM0_H                                 
000004b0  RTCTIM0_L                                 
000004b2  RTCTIM1                                   
000004b3  RTCTIM1_H                                 
000004b2  RTCTIM1_L                                 
000004b6  RTCYEAR                                   
000004b7  RTCYEAR_H                                 
000004b6  RTCYEAR_L                                 
00000100  SFRIE1                                    
00000101  SFRIE1_H                                  
00000100  SFRIE1_L                                  
00000102  SFRIFG1                                   
00000103  SFRIFG1_H                                 
00000102  SFRIFG1_L                                 
00000104  SFRRPCR                                   
00000105  SFRRPCR_H                                 
00000104  SFRRPCR_L                                 
000004ce  SUMEXT                                    
000004cf  SUMEXT_H                                  
000004ce  SUMEXT_L                                  
00000124  SVSMHCTL                                  
00000125  SVSMHCTL_H                                
00000124  SVSMHCTL_L                                
00000128  SVSMIO                                    
00000129  SVSMIO_H                                  
00000128  SVSMIO_L                                  
00000126  SVSMLCTL                                  
00000127  SVSMLCTL_H                                
00000126  SVSMLCTL_L                                
00000198  SYSBERRIV                                 
00000199  SYSBERRIV_H                               
00000198  SYSBERRIV_L                               
00000182  SYSBSLC                                   
00000183  SYSBSLC_H                                 
00000182  SYSBSLC_L                                 
00000180  SYSCTL                                    
00000181  SYSCTL_H                                  
00000180  SYSCTL_L                                  
00000186  SYSJMBC                                   
00000187  SYSJMBC_H                                 
00000186  SYSJMBC_L                                 
00000188  SYSJMBI0                                  
00000189  SYSJMBI0_H                                
00000188  SYSJMBI0_L                                
0000018a  SYSJMBI1                                  
0000018b  SYSJMBI1_H                                
0000018a  SYSJMBI1_L                                
0000018c  SYSJMBO0                                  
0000018d  SYSJMBO0_H                                
0000018c  SYSJMBO0_L                                
0000018e  SYSJMBO1                                  
0000018f  SYSJMBO1_H                                
0000018e  SYSJMBO1_L                                
0000019e  SYSRSTIV                                  
0000019f  SYSRSTIV_H                                
0000019e  SYSRSTIV_L                                
0000019c  SYSSNIV                                   
0000019d  SYSSNIV_H                                 
0000019c  SYSSNIV_L                                 
0000019a  SYSUNIV                                   
0000019b  SYSUNIV_H                                 
0000019a  SYSUNIV_L                                 
00000352  TA0CCR0                                   
00000354  TA0CCR1                                   
00000356  TA0CCR2                                   
00000358  TA0CCR3                                   
0000035a  TA0CCR4                                   
00000342  TA0CCTL0                                  
00000344  TA0CCTL1                                  
00000346  TA0CCTL2                                  
00000348  TA0CCTL3                                  
0000034a  TA0CCTL4                                  
00000340  TA0CTL                                    
00000360  TA0EX0                                    
0000036e  TA0IV                                     
00000350  TA0R                                      
00000392  TA1CCR0                                   
00000394  TA1CCR1                                   
00000396  TA1CCR2                                   
00000382  TA1CCTL0                                  
00000384  TA1CCTL1                                  
00000386  TA1CCTL2                                  
00000380  TA1CTL                                    
000003a0  TA1EX0                                    
000003ae  TA1IV                                     
00000390  TA1R                                      
000003d2  TB0CCR0                                   
000003d4  TB0CCR1                                   
000003d6  TB0CCR2                                   
000003d8  TB0CCR3                                   
000003da  TB0CCR4                                   
000003dc  TB0CCR5                                   
000003de  TB0CCR6                                   
000003c2  TB0CCTL0                                  
000003c4  TB0CCTL1                                  
000003c6  TB0CCTL2                                  
000003c8  TB0CCTL3                                  
000003ca  TB0CCTL4                                  
000003cc  TB0CCTL5                                  
000003ce  TB0CCTL6                                  
000003c0  TB0CTL                                    
000003e0  TB0EX0                                    
000003ee  TB0IV                                     
000003d0  TB0R                                      
00005d60  TIMER1_A0_ISR                             
00014ecc  Timer_A_clearCaptureCompareInterrupt      
00014e60  Timer_A_disableCaptureCompareInterrupt    
00014e6c  Timer_A_enableCaptureCompareInterrupt     
00014ed6  Timer_A_getCaptureCompareCount            
000147de  Timer_A_initCompareMode                   
00014292  Timer_A_initContinuousMode                
00014e78  Timer_A_setCompareValue                   
00014f24  Timer_A_startCounter                      
000005d0  UCA0ABCTL                                 
000005c6  UCA0BRW                                   
000005c7  UCA0BRW_H                                 
000005c6  UCA0BRW_L                                 
000005c0  UCA0CTLW0                                 
000005c1  UCA0CTLW0_H                               
000005c0  UCA0CTLW0_L                               
000005dc  UCA0ICTL                                  
000005dd  UCA0ICTL_H                                
000005dc  UCA0ICTL_L                                
000005d2  UCA0IRCTL                                 
000005d3  UCA0IRCTL_H                               
000005d2  UCA0IRCTL_L                               
000005de  UCA0IV                                    
000005c8  UCA0MCTL                                  
000005cc  UCA0RXBUF                                 
000005ca  UCA0STAT                                  
000005ce  UCA0TXBUF                                 
00000610  UCA1ABCTL                                 
00000606  UCA1BRW                                   
00000607  UCA1BRW_H                                 
00000606  UCA1BRW_L                                 
00000600  UCA1CTLW0                                 
00000601  UCA1CTLW0_H                               
00000600  UCA1CTLW0_L                               
0000061c  UCA1ICTL                                  
0000061d  UCA1ICTL_H                                
0000061c  UCA1ICTL_L                                
00000612  UCA1IRCTL                                 
00000613  UCA1IRCTL_H                               
00000612  UCA1IRCTL_L                               
0000061e  UCA1IV                                    
00000608  UCA1MCTL                                  
0000060c  UCA1RXBUF                                 
0000060a  UCA1STAT                                  
0000060e  UCA1TXBUF                                 
00000650  UCA2ABCTL                                 
00000646  UCA2BRW                                   
00000647  UCA2BRW_H                                 
00000646  UCA2BRW_L                                 
00000640  UCA2CTLW0                                 
00000641  UCA2CTLW0_H                               
00000640  UCA2CTLW0_L                               
0000065c  UCA2ICTL                                  
0000065d  UCA2ICTL_H                                
0000065c  UCA2ICTL_L                                
00000652  UCA2IRCTL                                 
00000653  UCA2IRCTL_H                               
00000652  UCA2IRCTL_L                               
0000065e  UCA2IV                                    
00000648  UCA2MCTL                                  
0000064c  UCA2RXBUF                                 
0000064a  UCA2STAT                                  
0000064e  UCA2TXBUF                                 
00000690  UCA3ABCTL                                 
00000686  UCA3BRW                                   
00000687  UCA3BRW_H                                 
00000686  UCA3BRW_L                                 
00000680  UCA3CTLW0                                 
00000681  UCA3CTLW0_H                               
00000680  UCA3CTLW0_L                               
0000069c  UCA3ICTL                                  
0000069d  UCA3ICTL_H                                
0000069c  UCA3ICTL_L                                
00000692  UCA3IRCTL                                 
00000693  UCA3IRCTL_H                               
00000692  UCA3IRCTL_L                               
0000069e  UCA3IV                                    
00000688  UCA3MCTL                                  
0000068c  UCA3RXBUF                                 
0000068a  UCA3STAT                                  
0000068e  UCA3TXBUF                                 
000005e6  UCB0BRW                                   
000005e7  UCB0BRW_H                                 
000005e6  UCB0BRW_L                                 
000005e0  UCB0CTLW0                                 
000005e1  UCB0CTLW0_H                               
000005e0  UCB0CTLW0_L                               
000005f0  UCB0I2COA                                 
000005f1  UCB0I2COA_H                               
000005f0  UCB0I2COA_L                               
000005f2  UCB0I2CSA                                 
000005f3  UCB0I2CSA_H                               
000005f2  UCB0I2CSA_L                               
000005fc  UCB0ICTL                                  
000005fd  UCB0ICTL_H                                
000005fc  UCB0ICTL_L                                
000005fe  UCB0IV                                    
000005ec  UCB0RXBUF                                 
000005ea  UCB0STAT                                  
000005ee  UCB0TXBUF                                 
00000626  UCB1BRW                                   
00000627  UCB1BRW_H                                 
00000626  UCB1BRW_L                                 
00000620  UCB1CTLW0                                 
00000621  UCB1CTLW0_H                               
00000620  UCB1CTLW0_L                               
00000630  UCB1I2COA                                 
00000631  UCB1I2COA_H                               
00000630  UCB1I2COA_L                               
00000632  UCB1I2CSA                                 
00000633  UCB1I2CSA_H                               
00000632  UCB1I2CSA_L                               
0000063c  UCB1ICTL                                  
0000063d  UCB1ICTL_H                                
0000063c  UCB1ICTL_L                                
0000063e  UCB1IV                                    
0000062c  UCB1RXBUF                                 
0000062a  UCB1STAT                                  
0000062e  UCB1TXBUF                                 
00000666  UCB2BRW                                   
00000667  UCB2BRW_H                                 
00000666  UCB2BRW_L                                 
00000660  UCB2CTLW0                                 
00000661  UCB2CTLW0_H                               
00000660  UCB2CTLW0_L                               
00000670  UCB2I2COA                                 
00000671  UCB2I2COA_H                               
00000670  UCB2I2COA_L                               
00000672  UCB2I2CSA                                 
00000673  UCB2I2CSA_H                               
00000672  UCB2I2CSA_L                               
0000067c  UCB2ICTL                                  
0000067d  UCB2ICTL_H                                
0000067c  UCB2ICTL_L                                
0000067e  UCB2IV                                    
0000066c  UCB2RXBUF                                 
0000066a  UCB2STAT                                  
0000066e  UCB2TXBUF                                 
000006a6  UCB3BRW                                   
000006a7  UCB3BRW_H                                 
000006a6  UCB3BRW_L                                 
000006a0  UCB3CTLW0                                 
000006a1  UCB3CTLW0_H                               
000006a0  UCB3CTLW0_L                               
000006b0  UCB3I2COA                                 
000006b1  UCB3I2COA_H                               
000006b0  UCB3I2COA_L                               
000006b2  UCB3I2CSA                                 
000006b3  UCB3I2CSA_H                               
000006b2  UCB3I2CSA_L                               
000006bc  UCB3ICTL                                  
000006bd  UCB3ICTL_H                                
000006bc  UCB3ICTL_L                                
000006be  UCB3IV                                    
000006ac  UCB3RXBUF                                 
000006aa  UCB3STAT                                  
000006ae  UCB3TXBUF                                 
00000160  UCSCTL0                                   
00000161  UCSCTL0_H                                 
00000160  UCSCTL0_L                                 
00000162  UCSCTL1                                   
00000163  UCSCTL1_H                                 
00000162  UCSCTL1_L                                 
00000164  UCSCTL2                                   
00000165  UCSCTL2_H                                 
00000164  UCSCTL2_L                                 
00000166  UCSCTL3                                   
00000167  UCSCTL3_H                                 
00000166  UCSCTL3_L                                 
00000168  UCSCTL4                                   
00000169  UCSCTL4_H                                 
00000168  UCSCTL4_L                                 
0000016a  UCSCTL5                                   
0000016b  UCSCTL5_H                                 
0000016a  UCSCTL5_L                                 
0000016c  UCSCTL6                                   
0000016d  UCSCTL6_H                                 
0000016c  UCSCTL6_L                                 
0000016e  UCSCTL7                                   
0000016f  UCSCTL7_H                                 
0000016e  UCSCTL7_L                                 
00000170  UCSCTL8                                   
00000171  UCSCTL8_H                                 
00000170  UCSCTL8_L                                 
00014d02  UCS_getSMCLK                              
00005d08  USCI_A0_ISR                               
00005c00  USCI_A1_ISR                               
00014240  USCI_A1_UART_screen_string_transmitData   
00013d02  USCI_A1_URAT_read_screen_string           
00014e84  USCI_A_UART_clearInterrupt                
00014f2a  USCI_A_UART_enable                        
00014c54  USCI_A_UART_enableInterrupt               
00014ee0  USCI_A_UART_getInterruptStatus            
000130a0  USCI_A_UART_init                          
00014c72  USCI_A_UART_receiveData                   
000144aa  USCI_A_UART_transmitBreak                 
00014bb4  USCI_A_UART_transmitData                  
00005c64  USCI_B0_ISR                               
00005d34  USCI_B1_ISR                               
00005cbc  USCI_B2_ISR                               
00005da0  USCI_B3_ISR                               
00014e90  USCI_B_SPI_clearInterrupt                 
00014e9c  USCI_B_SPI_disableInterrupt               
00014f30  USCI_B_SPI_enable                         
00014ea8  USCI_B_SPI_enableInterrupt                
00014eea  USCI_B_SPI_getInterruptStatus             
00014132  USCI_B_SPI_initMaster                     
00014f1c  USCI_B_SPI_receiveData                    
00014ef4  USCI_B_SPI_transmitData                   
00013d76  UartPCInit                                
0001386a  UartScreenInit                            
0000015c  WDTCTL                                    
0000015d  WDTCTL_H                                  
0000015c  WDTCTL_L                                  
00014bd4  WDT_A_hold                                
000142e2  _Dclass                                   
00002154  _Denorm                                   
00012b0c  _Dnorm                                    
000122ea  _Dscale                                   
00013dea  _Dunscale                                 
00002164  _Eps                                      
00002218  _Errno                                    
000021fa  _Fenv                                     
000148be  _Feraise                                  
00002174  _Hugeval                                  
00002184  _Inf                                      
00002194  _Nan                                      
000021b4  _Rteps                                    
000021a4  _Snan                                     
000021fe  _Tls_setup__Fenv                          
000021c4  _Xbig                                     
000021cc  _Zero                                     
00005c00  __STACK_END                               
000000a0  __STACK_SIZE                              
0000607e  __TI_CINIT_Base                           
0000608e  __TI_CINIT_Limit                          
0000606c  __TI_Handler_Table_Base                   
00006078  __TI_Handler_Table_Limit                  
UNDEFED   __TI_INITARRAY_Base                       
UNDEFED   __TI_INITARRAY_Limit                      
00005db8  __TI_ISR_TRAP                             
00014dc8  __TI_decompress_none                      
00014f36  __TI_decompress_rle24                     
0001128c  __TI_frcaddd                              
00010000  __TI_frcdivd                              
000107ec  __TI_frcmpyd                              
0000ffd2  __TI_int41                                
0000ffd4  __TI_int42                                
0000ffd6  __TI_int43                                
0000ffd8  __TI_int44                                
0000ffda  __TI_int45                                
0000ffdc  __TI_int46                                
0000ffde  __TI_int47                                
0000ffe0  __TI_int48                                
0000ffe2  __TI_int49                                
0000ffe4  __TI_int50                                
0000ffe6  __TI_int51                                
0000ffe8  __TI_int52                                
0000ffea  __TI_int53                                
0000ffec  __TI_int54                                
0000ffee  __TI_int55                                
0000fff0  __TI_int56                                
0000fff2  __TI_int57                                
0000fff4  __TI_int58                                
0000fff6  __TI_int59                                
0000fff8  __TI_int60                                
0000fffa  __TI_int61                                
0000fffc  __TI_int62                                
00011d42  __TI_printfi                              
0001324a  __TI_renormd                              
00014b6e  __TI_zero_init                            
ffffffff  __binit__                                 
ffffffff  __c_args__                                
00010ad0  __mspabi_addd                             
00012fc8  __mspabi_cmpd                             
000114de  __mspabi_divd                             
00014aa4  __mspabi_divi                             
000145b8  __mspabi_divli                            
00014d48  __mspabi_divu                             
000141e8  __mspabi_divul                            
00010452  __mspabi_divull                           
00014b20  __mspabi_fixdi                            
00014008  __mspabi_fixdli                           
00014eb4  __mspabi_fltid                            
0001359a  __mspabi_fltlid                           
00010da8  __mspabi_mpyd                             
00014d5e  __mspabi_mpyi_f5hw                        
00014b92  __mspabi_mpyl_f5hw                        
000149c2  __mspabi_negd                             
00014aa4  __mspabi_remi                             
000145b8  __mspabi_remli                            
00014d48  __mspabi_remu                             
000141e8  __mspabi_remul                            
00014f08  __mspabi_slli                             
00014e32  __mspabi_slll                             
000146ea  __mspabi_slll_1                           
000146c6  __mspabi_slll_10                          
000146c2  __mspabi_slll_11                          
000146be  __mspabi_slll_12                          
000146ba  __mspabi_slll_13                          
000146b6  __mspabi_slll_14                          
000146b2  __mspabi_slll_15                          
000146e6  __mspabi_slll_2                           
000146e2  __mspabi_slll_3                           
000146de  __mspabi_slll_4                           
000146da  __mspabi_slll_5                           
000146d6  __mspabi_slll_6                           
000146d2  __mspabi_slll_7                           
000146ce  __mspabi_slll_8                           
000146ca  __mspabi_slll_9                           
0001476a  __mspabi_sllll                            
00014e22  __mspabi_sral                             
000146ac  __mspabi_sral_1                           
00014688  __mspabi_sral_10                          
00014684  __mspabi_sral_11                          
00014680  __mspabi_sral_12                          
0001467c  __mspabi_sral_13                          
00014678  __mspabi_sral_14                          
00014674  __mspabi_sral_15                          
000146a8  __mspabi_sral_2                           
000146a4  __mspabi_sral_3                           
000146a0  __mspabi_sral_4                           
0001469c  __mspabi_sral_5                           
00014698  __mspabi_sral_6                           
00014694  __mspabi_sral_7                           
00014690  __mspabi_sral_8                           
0001468c  __mspabi_sral_9                           
00014f12  __mspabi_srli                             
00014e42  __mspabi_srll                             
00014728  __mspabi_srll_1                           
00014704  __mspabi_srll_10                          
00014700  __mspabi_srll_11                          
000146fc  __mspabi_srll_12                          
000146f8  __mspabi_srll_13                          
000146f4  __mspabi_srll_14                          
000146f0  __mspabi_srll_15                          
00014724  __mspabi_srll_2                           
00014720  __mspabi_srll_3                           
0001471c  __mspabi_srll_4                           
00014718  __mspabi_srll_5                           
00014714  __mspabi_srll_6                           
00014710  __mspabi_srll_7                           
0001470c  __mspabi_srll_8                           
00014708  __mspabi_srll_9                           
000147a4  __mspabi_srlll                            
0001495e  __mspabi_subd                             
00013ecc  _auto_init_hold_wdt                       
00005d86  _c_int00_noargs_noexit                    
00005dbe  _ctypes_                                  
0000220a  _lock                                     
00014f44  _nop                                      
0000fffe  _reset_vector                             
00005b60  _stack                                    
00014f3c  _system_pre_init                          
0000220e  _unlock                                   
00014f40  abort                                     
00014efe  abs                                       
00001fd8  ans                                       
0001406e  atoi                                      
ffffffff  binit                                     
0001418e  changeState                               
000132fc  clearQueue                                
00014a4c  createFpgaSpiTask                         
000149f0  createUartPCTask                          
00014a1e  createUartScreenTask                      
00014816  deleteHander                              
0001492a  feraiseexcept                             
00014576  frexp                                     
00014464  getHandler                                
00014332  get_a_char_fifo                           
00002212  idlenum                                   
000148f4  initInterface                             
00013456  initQueue                                 
000137e0  initTimerRountine                         
00014636  init_fifo                                 
00014ec0  inittrigger                               
00013c8c  insertHander                              
0001472e  insert_a_char_fifo                        
00013a8a  ldexp                                     
00013b94  ltoa                                      
0001397a  main                                      
00014c90  memccpy                                   
00014db4  memcpy                                    
00014d1c  memset                                    
00001c00  onqueue                                   
0001484e  peripherModuleInit                        
00001fc4  prehead                                   
00013fa0  printStringOnPC                           
00014a78  produceHandler                            
00001fdc  queue                                     
00001fc8  queuehead                                 
00001fcc  queuetail                                 
00014990  raise                                     
00001fda  real_vol                                  
00013e5c  rountineFpga                              
00013a02  rountineIdle                              
000143d0  rountinePCUart                            
00013b10  rountineUartScreen                        
00012e02  screenMessageTrans                        
00014dec  screen_strncpy                            
00014886  signal                                    
000144ee  spiFpgaMessageFill                        
00014532  sprintf                                   
00014ce6  strchr                                    
00014e52  strlen                                    
00014dfe  toupper                                   
00001fd4  transPhase                                
00014d74  trigger                                   
00014d8a  uartStrncpy                               
00014e10  uint8Strncpy                              
00013752  usci_b2_fpga_spi_init                     


GLOBAL SYMBOLS: SORTED BY Symbol Address 

address   name                                      
-------   ----                                      
000000a0  __STACK_SIZE                              
00000100  SFRIE1                                    
00000100  SFRIE1_L                                  
00000101  SFRIE1_H                                  
00000102  SFRIFG1                                   
00000102  SFRIFG1_L                                 
00000103  SFRIFG1_H                                 
00000104  SFRRPCR                                   
00000104  SFRRPCR_L                                 
00000105  SFRRPCR_H                                 
00000120  PMMCTL0                                   
00000120  PMMCTL0_L                                 
00000121  PMMCTL0_H                                 
00000122  PMMCTL1                                   
00000122  PMMCTL1_L                                 
00000123  PMMCTL1_H                                 
00000124  SVSMHCTL                                  
00000124  SVSMHCTL_L                                
00000125  SVSMHCTL_H                                
00000126  SVSMLCTL                                  
00000126  SVSMLCTL_L                                
00000127  SVSMLCTL_H                                
00000128  SVSMIO                                    
00000128  SVSMIO_L                                  
00000129  SVSMIO_H                                  
0000012c  PMMIFG                                    
0000012c  PMMIFG_L                                  
0000012d  PMMIFG_H                                  
0000012e  PMMRIE                                    
0000012e  PMMRIE_L                                  
0000012f  PMMRIE_H                                  
00000130  PM5CTL0                                   
00000130  PM5CTL0_L                                 
00000131  PM5CTL0_H                                 
00000140  FCTL1                                     
00000140  FCTL1_L                                   
00000141  FCTL1_H                                   
00000144  FCTL3                                     
00000144  FCTL3_L                                   
00000145  FCTL3_H                                   
00000146  FCTL4                                     
00000146  FCTL4_L                                   
00000147  FCTL4_H                                   
00000150  CRCDI                                     
00000150  CRCDI_L                                   
00000151  CRCDI_H                                   
00000152  CRCDIRB                                   
00000152  CRCDIRB_L                                 
[...]
00000660  UCB2CTLW0_L                               
00000661  UCB2CTLW0_H                               
00000666  UCB2BRW                                   
00000666  UCB2BRW_L                                 
00000667  UCB2BRW_H                                 
0000066a  UCB2STAT                                  
0000066c  UCB2RXBUF                                 
0000066e  UCB2TXBUF                                 
00000670  UCB2I2COA                                 
00000670  UCB2I2COA_L                               
00000671  UCB2I2COA_H                               
00000672  UCB2I2CSA                                 
00000672  UCB2I2CSA_L                               
00000673  UCB2I2CSA_H                               
0000067c  UCB2ICTL                                  
0000067c  UCB2ICTL_L                                
0000067d  UCB2ICTL_H                                
0000067e  UCB2IV                                    
00000680  UCA3CTLW0                                 
00000680  UCA3CTLW0_L                               
00000681  UCA3CTLW0_H                               
00000686  UCA3BRW                                   
00000686  UCA3BRW_L                                 
00000687  UCA3BRW_H                                 
00000688  UCA3MCTL                                  
0000068a  UCA3STAT                                  
0000068c  UCA3RXBUF                                 
0000068e  UCA3TXBUF                                 
00000690  UCA3ABCTL                                 
00000692  UCA3IRCTL                                 
00000692  UCA3IRCTL_L                               
00000693  UCA3IRCTL_H                               
0000069c  UCA3ICTL                                  
0000069c  UCA3ICTL_L                                
0000069d  UCA3ICTL_H                                
0000069e  UCA3IV                                    
000006a0  UCB3CTLW0                                 
000006a0  UCB3CTLW0_L                               
000006a1  UCB3CTLW0_H                               
000006a6  UCB3BRW                                   
000006a6  UCB3BRW_L                                 
000006a7  UCB3BRW_H                                 
000006aa  UCB3STAT                                  
000006ac  UCB3RXBUF                                 
000006ae  UCB3TXBUF                                 
000006b0  UCB3I2COA                                 
000006b0  UCB3I2COA_L                               
000006b1  UCB3I2COA_H                               
000006b2  UCB3I2CSA                                 
000006b2  UCB3I2CSA_L                               
000006b3  UCB3I2CSA_H                               
000006bc  UCB3ICTL                                  
000006bc  UCB3ICTL_L                                
000006bd  UCB3ICTL_H                                
000006be  UCB3IV                                    
00000700  ADC12CTL0                                 
00000700  ADC12CTL0_L                               
00000701  ADC12CTL0_H                               
00000702  ADC12CTL1                                 
00000702  ADC12CTL1_L                               
00000703  ADC12CTL1_H                               
00000704  ADC12CTL2                                 
00000704  ADC12CTL2_L                               
00000705  ADC12CTL2_H                               
0000070a  ADC12IFG                                  
0000070a  ADC12IFG_L                                
0000070b  ADC12IFG_H                                
0000070c  ADC12IE                                   
0000070c  ADC12IE_L                                 
0000070d  ADC12IE_H                                 
0000070e  ADC12IV                                   
0000070e  ADC12IV_L                                 
0000070f  ADC12IV_H                                 
00000710  ADC12MCTL0                                
00000711  ADC12MCTL1                                
00000712  ADC12MCTL2                                
00000713  ADC12MCTL3                                
00000714  ADC12MCTL4                                
00000715  ADC12MCTL5                                
00000716  ADC12MCTL6                                
00000717  ADC12MCTL7                                
00000718  ADC12MCTL8                                
00000719  ADC12MCTL9                                
0000071a  ADC12MCTL10                               
0000071b  ADC12MCTL11                               
0000071c  ADC12MCTL12                               
0000071d  ADC12MCTL13                               
0000071e  ADC12MCTL14                               
0000071f  ADC12MCTL15                               
00000720  ADC12MEM0                                 
00000720  ADC12MEM0_L                               
00000721  ADC12MEM0_H                               
00000722  ADC12MEM1                                 
00000722  ADC12MEM1_L                               
00000723  ADC12MEM1_H                               
00000724  ADC12MEM2                                 
00000724  ADC12MEM2_L                               
00000725  ADC12MEM2_H                               
00000726  ADC12MEM3                                 
00000726  ADC12MEM3_L                               
00000727  ADC12MEM3_H                               
00000728  ADC12MEM4                                 
00000728  ADC12MEM4_L                               
00000729  ADC12MEM4_H                               
0000072a  ADC12MEM5                                 
0000072a  ADC12MEM5_L                               
0000072b  ADC12MEM5_H                               
0000072c  ADC12MEM6                                 
0000072c  ADC12MEM6_L                               
0000072d  ADC12MEM6_H                               
0000072e  ADC12MEM7                                 
0000072e  ADC12MEM7_L                               
0000072f  ADC12MEM7_H                               
00000730  ADC12MEM8                                 
00000730  ADC12MEM8_L                               
00000731  ADC12MEM8_H                               
00000732  ADC12MEM9                                 
00000732  ADC12MEM9_L                               
00000733  ADC12MEM9_H                               
00000734  ADC12MEM10                                
00000734  ADC12MEM10_L                              
00000735  ADC12MEM10_H                              
00000736  ADC12MEM11                                
00000736  ADC12MEM11_L                              
00000737  ADC12MEM11_H                              
00000738  ADC12MEM12                                
00000738  ADC12MEM12_L                              
00000739  ADC12MEM12_H                              
0000073a  ADC12MEM13                                
0000073a  ADC12MEM13_L                              
0000073b  ADC12MEM13_H                              
0000073c  ADC12MEM14                                
0000073c  ADC12MEM14_L                              
0000073d  ADC12MEM14_H                              
0000073e  ADC12MEM15                                
0000073e  ADC12MEM15_L                              
0000073f  ADC12MEM15_H                              
00001c00  onqueue                                   
00001fc4  prehead                                   
00001fc8  queuehead                                 
00001fcc  queuetail                                 
00001fd4  transPhase                                
00001fd8  ans                                       
00001fda  real_vol                                  
00001fdc  queue                                     
00002154  _Denorm                                   
00002164  _Eps                                      
00002174  _Hugeval                                  
00002184  _Inf                                      
00002194  _Nan                                      
000021a4  _Snan                                     
000021b4  _Rteps                                    
000021c4  _Xbig                                     
000021cc  _Zero                                     
000021fa  _Fenv                                     
000021fe  _Tls_setup__Fenv                          
0000220a  _lock                                     
0000220e  _unlock                                   
00002212  idlenum                                   
00002218  _Errno                                    
00002222  A0receivedData                            
00002223  A1receivedData                            
00005b60  _stack                                    
00005c00  USCI_A1_ISR                               
00005c00  __STACK_END                               
00005c64  USCI_B0_ISR                               
00005cbc  USCI_B2_ISR                               
00005d08  USCI_A0_ISR                               
00005d34  USCI_B1_ISR                               
00005d60  TIMER1_A0_ISR                             
00005d86  _c_int00_noargs_noexit                    
00005da0  USCI_B3_ISR                               
00005db8  __TI_ISR_TRAP                             
00005dbe  _ctypes_                                  
0000606c  __TI_Handler_Table_Base                   
00006078  __TI_Handler_Table_Limit                  
0000607e  __TI_CINIT_Base                           
0000608e  __TI_CINIT_Limit                          
0000ffd2  __TI_int41                                
0000ffd4  __TI_int42                                
0000ffd6  __TI_int43                                
0000ffd8  __TI_int44                                
0000ffda  __TI_int45                                
0000ffdc  __TI_int46                                
0000ffde  __TI_int47                                
0000ffe0  __TI_int48                                
0000ffe2  __TI_int49                                
0000ffe4  __TI_int50                                
0000ffe6  __TI_int51                                
0000ffe8  __TI_int52                                
0000ffea  __TI_int53                                
0000ffec  __TI_int54                                
0000ffee  __TI_int55                                
0000fff0  __TI_int56                                
0000fff2  __TI_int57                                
0000fff4  __TI_int58                                
0000fff6  __TI_int59                                
0000fff8  __TI_int60                                
0000fffa  __TI_int61                                
0000fffc  __TI_int62                                
0000fffe  _reset_vector                             
00010000  __TI_frcdivd                              
00010452  __mspabi_divull                           
000107ec  __TI_frcmpyd                              
00010ad0  __mspabi_addd                             
00010da8  __mspabi_mpyd                             
0001128c  __TI_frcaddd                              
000114de  __mspabi_divd                             
00011d42  __TI_printfi                              
000122ea  _Dscale                                   
00012b0c  _Dnorm                                    
00012e02  screenMessageTrans                        
00012fc8  __mspabi_cmpd                             
000130a0  USCI_A_UART_init                          
0001324a  __TI_renormd                              
000132fc  clearQueue                                
00013456  initQueue                                 
0001359a  __mspabi_fltlid                           
00013752  usci_b2_fpga_spi_init                     
000137e0  initTimerRountine                         
0001386a  UartScreenInit                            
0001397a  main                                      
00013a02  rountineIdle                              
00013a8a  ldexp                                     
00013b10  rountineUartScreen                        
00013b94  ltoa                                      
00013c8c  insertHander                              
00013d02  USCI_A1_URAT_read_screen_string           
00013d76  UartPCInit                                
00013dea  _Dunscale                                 
00013e5c  rountineFpga                              
00013ecc  _auto_init_hold_wdt                       
00013fa0  printStringOnPC                           
00014008  __mspabi_fixdli                           
0001406e  atoi                                      
00014132  USCI_B_SPI_initMaster                     
0001418e  changeState                               
000141e8  __mspabi_divul                            
000141e8  __mspabi_remul                            
00014240  USCI_A1_UART_screen_string_transmitData   
00014292  Timer_A_initContinuousMode                
000142e2  _Dclass                                   
00014332  get_a_char_fifo                           
000143d0  rountinePCUart                            
00014464  getHandler                                
000144aa  USCI_A_UART_transmitBreak                 
000144ee  spiFpgaMessageFill                        
00014532  sprintf                                   
00014576  frexp                                     
000145b8  __mspabi_divli                            
000145b8  __mspabi_remli                            
00014636  init_fifo                                 
00014674  __mspabi_sral_15                          
00014678  __mspabi_sral_14                          
0001467c  __mspabi_sral_13                          
00014680  __mspabi_sral_12                          
00014684  __mspabi_sral_11                          
00014688  __mspabi_sral_10                          
0001468c  __mspabi_sral_9                           
00014690  __mspabi_sral_8                           
00014694  __mspabi_sral_7                           
00014698  __mspabi_sral_6                           
0001469c  __mspabi_sral_5                           
000146a0  __mspabi_sral_4                           
000146a4  __mspabi_sral_3                           
000146a8  __mspabi_sral_2                           
000146ac  __mspabi_sral_1                           
000146b2  __mspabi_slll_15                          
000146b6  __mspabi_slll_14                          
000146ba  __mspabi_slll_13                          
000146be  __mspabi_slll_12                          
000146c2  __mspabi_slll_11                          
000146c6  __mspabi_slll_10                          
000146ca  __mspabi_slll_9                           
000146ce  __mspabi_slll_8                           
000146d2  __mspabi_slll_7                           
000146d6  __mspabi_slll_6                           
000146da  __mspabi_slll_5                           
000146de  __mspabi_slll_4                           
000146e2  __mspabi_slll_3                           
000146e6  __mspabi_slll_2                           
000146ea  __mspabi_slll_1                           
000146f0  __mspabi_srll_15                          
000146f4  __mspabi_srll_14                          
000146f8  __mspabi_srll_13                          
000146fc  __mspabi_srll_12                          
00014700  __mspabi_srll_11                          
00014704  __mspabi_srll_10                          
00014708  __mspabi_srll_9                           
0001470c  __mspabi_srll_8                           
00014710  __mspabi_srll_7                           
00014714  __mspabi_srll_6                           
00014718  __mspabi_srll_5                           
0001471c  __mspabi_srll_4                           
00014720  __mspabi_srll_3                           
00014724  __mspabi_srll_2                           
00014728  __mspabi_srll_1                           
0001472e  insert_a_char_fifo                        
0001476a  __mspabi_sllll                            
000147a4  __mspabi_srlll                            
000147de  Timer_A_initCompareMode                   
00014816  deleteHander                              
0001484e  peripherModuleInit                        
00014886  signal                                    
000148be  _Feraise                                  
000148f4  initInterface                             
0001492a  feraiseexcept                             
0001495e  __mspabi_subd                             
00014990  raise                                     
000149c2  __mspabi_negd                             
000149f0  createUartPCTask                          
00014a1e  createUartScreenTask                      
00014a4c  createFpgaSpiTask                         
00014a78  produceHandler                            
00014aa4  __mspabi_divi                             
00014aa4  __mspabi_remi                             
00014ad0  GPIO_setAsOutputPin                       
00014af8  GPIO_setAsPeripheralModuleFunctionInputPin
00014b20  __mspabi_fixdi                            
00014b48  PC_USCI_A0_UART_string_transmitData       
00014b6e  __TI_zero_init                            
00014b92  __mspabi_mpyl_f5hw                        
00014bb4  USCI_A_UART_transmitData                  
00014bd4  WDT_A_hold                                
00014c54  USCI_A_UART_enableInterrupt               
00014c72  USCI_A_UART_receiveData                   
00014c90  memccpy                                   
00014cae  GPIO_setOutputHighOnPin                   
00014cca  GPIO_setOutputLowOnPin                    
00014ce6  strchr                                    
00014d02  UCS_getSMCLK                              
00014d1c  memset                                    
00014d48  __mspabi_divu                             
00014d48  __mspabi_remu                             
00014d5e  __mspabi_mpyi_f5hw                        
00014d74  trigger                                   
00014d8a  uartStrncpy                               
00014db4  memcpy                                    
00014dc8  __TI_decompress_none                      
00014dec  screen_strncpy                            
00014dfe  toupper                                   
00014e10  uint8Strncpy                              
00014e22  __mspabi_sral                             
00014e32  __mspabi_slll                             
00014e42  __mspabi_srll                             
00014e52  strlen                                    
00014e60  Timer_A_disableCaptureCompareInterrupt    
00014e6c  Timer_A_enableCaptureCompareInterrupt     
00014e78  Timer_A_setCompareValue                   
00014e84  USCI_A_UART_clearInterrupt                
00014e90  USCI_B_SPI_clearInterrupt                 
00014e9c  USCI_B_SPI_disableInterrupt               
00014ea8  USCI_B_SPI_enableInterrupt                
00014eb4  __mspabi_fltid                            
00014ec0  inittrigger                               
00014ecc  Timer_A_clearCaptureCompareInterrupt      
00014ed6  Timer_A_getCaptureCompareCount            
00014ee0  USCI_A_UART_getInterruptStatus            
00014eea  USCI_B_SPI_getInterruptStatus             
00014ef4  USCI_B_SPI_transmitData                   
00014efe  abs                                       
00014f08  __mspabi_slli                             
00014f12  __mspabi_srli                             
00014f1c  USCI_B_SPI_receiveData                    
00014f24  Timer_A_startCounter                      
00014f2a  USCI_A_UART_enable                        
00014f30  USCI_B_SPI_enable                         
00014f36  __TI_decompress_rle24                     
00014f3c  _system_pre_init                          
00014f40  C$$EXIT                                   
00014f40  abort                                     
00014f44  _nop                                      
ffffffff  __binit__                                 
ffffffff  __c_args__                                
ffffffff  binit                                     
UNDEFED   __TI_INITARRAY_Base                       
UNDEFED   __TI_INITARRAY_Limit                      

[921 symbols]
