<?xml version="1.0"?>
<link_info>
   <banner>MSP430 Linker PC v4.4.5</banner>
   <copyright>Copyright (c) 2003-2015 Texas Instruments Incorporated</copyright>
   <link_time>0x579983ba</link_time>
   <link_errors>0x0</link_errors>
   <output_file>lpwMSP430.out</output_file>
   <entry_point>
      <name>_c_int00_noargs_noexit</name>
      <address>0x5d86</address>
   </entry_point>
   <input_file_list>
      <input_file id="fl-2">
         <path>.\</path>
         <kind>object</kind>
         <file>increase.obj</file>
         <name>increase.obj</name>
      </input_file>
      <input_file id="fl-3">
         <path>.\</path>
         <kind>object</kind>
         <file>interinit.obj</file>
         <name>interinit.obj</name>
      </input_file>
      <input_file id="fl-4">
         <path>.\</path>
         <kind>object</kind>
         <file>main.obj</file>
         <name>main.obj</name>
      </input_file>
      <input_file id="fl-5">
         <path>.\</path>
         <kind>object</kind>
         <file>moduleinit.obj</file>
         <name>moduleinit.obj</name>
      </input_file>
      <input_file id="fl-6">
         <path>.\uart\</path>
         <kind>object</kind>
         <file>uart_init.obj</file>
         <name>uart_init.obj</name>
      </input_file>
      <input_file id="fl-7">
         <path>.\timer\</path>
         <kind>object</kind>
         <file>timer.obj</file>
         <name>timer.obj</name>
      </input_file>
      <input_file id="fl-8">
         <path>.\spi\</path>
         <kind>object</kind>
         <file>usci_b0_spi.obj</file>
         <name>usci_b0_spi.obj</name>
      </input_file>
      <input_file id="fl-9">
         <path>.\spi\</path>
         <kind>object</kind>
         <file>usci_b1_spi.obj</file>
         <name>usci_b1_spi.obj</name>
      </input_file>
      <input_file id="fl-a">
         <path>.\spi\</path>
         <kind>object</kind>
         <file>usci_b2_spi.obj</file>
         <name>usci_b2_spi.obj</name>
      </input_file>
      <input_file id="fl-b">
         <path>.\spi\</path>
         <kind>object</kind>
         <file>usci_b3_spi.obj</file>
         <name>usci_b3_spi.obj</name>
      </input_file>
      <input_file id="fl-c">
         <path>.\queue\</path>
         <kind>object</kind>
         <file>event.obj</file>
         <name>event.obj</name>
      </input_file>
      <input_file id="fl-d">
         <path>.\mcode\</path>
         <kind>object</kind>
         <file>gene.obj</file>
         <name>gene.obj</name>
      </input_file>
      <input_file id="fl-e">
         <path>.\lpwstring\</path>
         <kind>object</kind>
         <file>lpwstring.obj</file>
         <name>lpwstring.obj</name>
      </input_file>
      <input_file id="fl-f">
         <path>.\fpgaComunication\</path>
         <kind>object</kind>
         <file>phaseadjust.obj</file>
         <name>phaseadjust.obj</name>
      </input_file>
      <input_file id="fl-10">
         <path>.\fifo\</path>
         <kind>object</kind>
         <file>usartfifo.obj</file>
         <name>usartfifo.obj</name>
      </input_file>
      <input_file id="fl-11">
         <path>.\driverlib\MSP430F5xx_6xx\</path>
         <kind>object</kind>
         <file>adc10_a.obj</file>
         <name>adc10_a.obj</name>
      </input_file>
      <input_file id="fl-12">
         <path>.\driverlib\MSP430F5xx_6xx\</path>
         <kind>object</kind>
         <file>adc12_a.obj</file>
         <name>adc12_a.obj</name>
      </input_file>
      <input_file id="fl-13">
         <path>.\driverlib\MSP430F5xx_6xx\</path>
         <kind>object</kind>
         <file>aes.obj</file>
         <name>aes.obj</name>
      </input_file>
      <input_file id="fl-14">
         <path>.\driverlib\MSP430F5xx_6xx\</path>
         <kind>object</kind>
         <file>battbak.obj</file>
         <name>battbak.obj</name>
      </input_file>
      <input_file id="fl-15">
         <path>.\driverlib\MSP430F5xx_6xx\</path>
         <kind>object</kind>
         <file>comp_b.obj</file>
         <name>comp_b.obj</name>
      </input_file>
      <input_file id="fl-16">
         <path>.\driverlib\MSP430F5xx_6xx\</path>
         <kind>object</kind>
         <file>crc.obj</file>
         <name>crc.obj</name>
      </input_file>
      <input_file id="fl-17">
         <path>.\driverlib\MSP430F5xx_6xx\</path>
         <kind>object</kind>
         <file>ctsd16.obj</file>
         <name>ctsd16.obj</name>
      </input_file>
      <input_file id="fl-18">
         <path>.\driverlib\MSP430F5xx_6xx\</path>
         <kind>object</kind>
         <file>dac12_a.obj</file>
         <name>dac12_a.obj</name>
      </input_file>
      <input_file id="fl-19">
         <path>.\driverlib\MSP430F5xx_6xx\</path>
         <kind>object</kind>
         <file>dma.obj</file>
         <name>dma.obj</name>
      </input_file>
      <input_file id="fl-1a">
         <path>.\driverlib\MSP430F5xx_6xx\</path>
         <kind>object</kind>
         <file>eusci_a_spi.obj</file>
         <name>eusci_a_spi.obj</name>
      </input_file>
      <input_file id="fl-1b">
         <path>.\driverlib\MSP430F5xx_6xx\</path>
         <kind>object</kind>
         <file>eusci_a_uart.obj</file>
         <name>eusci_a_uart.obj</name>
      </input_file>
      <input_file id="fl-1c">
         <path>.\driverlib\MSP430F5xx_6xx\</path>
         <kind>object</kind>
         <file>eusci_b_i2c.obj</file>
         <name>eusci_b_i2c.obj</name>
      </input_file>
      <input_file id="fl-1d">
         <path>.\driverlib\MSP430F5xx_6xx\</path>
         <kind>object</kind>
         <file>eusci_b_spi.obj</file>
         <name>eusci_b_spi.obj</name>
      </input_file>
      <input_file id="fl-1e">
         <path>.\driverlib\MSP430F5xx_6xx\</path>
         <kind>object</kind>
         <file>flashctl.obj</file>
         <name>flashctl.obj</name>
      </input_file>
      <input_file id="fl-1f">
         <path>.\driverlib\MSP430F5xx_6xx\</path>
         <kind>object</kind>
         <file>gpio.obj</file>
         <name>gpio.obj</name>
      </input_file>
      <input_file id="fl-20">
         <path>.\driverlib\MSP430F5xx_6xx\</path>
         <kind>object</kind>
         <file>lcd_b.obj</file>
         <name>lcd_b.obj</name>
      </input_file>
      <input_file id="fl-21">
         <path>.\driverlib\MSP430F5xx_6xx\</path>
         <kind>object</kind>
         <file>ldopwr.obj</file>
         <name>ldopwr.obj</name>
      </input_file>
      <input_file id="fl-22">
         <path>.\driverlib\MSP430F5xx_6xx\</path>
         <kind>object</kind>
         <file>mpy32.obj</file>
         <name>mpy32.obj</name>
      </input_file>
      <input_file id="fl-23">
         <path>.\driverlib\MSP430F5xx_6xx\</path>
         <kind>object</kind>
         <file>oa.obj</file>
         <name>oa.obj</name>
      </input_file>
      <input_file id="fl-24">
         <path>.\driverlib\MSP430F5xx_6xx\</path>
         <kind>object</kind>
         <file>pmap.obj</file>
         <name>pmap.obj</name>
      </input_file>
      <input_file id="fl-25">
         <path>.\driverlib\MSP430F5xx_6xx\</path>
         <kind>object</kind>
         <file>pmm.obj</file>
         <name>pmm.obj</name>
      </input_file>
      <input_file id="fl-26">
         <path>.\driverlib\MSP430F5xx_6xx\</path>
         <kind>object</kind>
         <file>ram.obj</file>
         <name>ram.obj</name>
      </input_file>
      <input_file id="fl-27">
         <path>.\driverlib\MSP430F5xx_6xx\</path>
         <kind>object</kind>
         <file>ref.obj</file>
         <name>ref.obj</name>
      </input_file>
      <input_file id="fl-28">
         <path>.\driverlib\MSP430F5xx_6xx\</path>
         <kind>object</kind>
         <file>rtc_a.obj</file>
         <name>rtc_a.obj</name>
      </input_file>
      <input_file id="fl-29">
         <path>.\driverlib\MSP430F5xx_6xx\</path>
         <kind>object</kind>
         <file>rtc_b.obj</file>
         <name>rtc_b.obj</name>
      </input_file>
      <input_file id="fl-2a">
         <path>.\driverlib\MSP430F5xx_6xx\</path>
         <kind>object</kind>
         <file>rtc_c.obj</file>
         <name>rtc_c.obj</name>
      </input_file>
      <input_file id="fl-2b">
         <path>.\driverlib\MSP430F5xx_6xx\</path>
         <kind>object</kind>
         <file>sd24_b.obj</file>
         <name>sd24_b.obj</name>
      </input_file>
      <input_file id="fl-2c">
         <path>.\driverlib\MSP430F5xx_6xx\</path>
         <kind>object</kind>
         <file>sfr.obj</file>
         <name>sfr.obj</name>
      </input_file>
      <input_file id="fl-2d">
         <path>.\driverlib\MSP430F5xx_6xx\</path>
         <kind>object</kind>
         <file>sysctl.obj</file>
         <name>sysctl.obj</name>
      </input_file>
      <input_file id="fl-2e">
         <path>.\driverlib\MSP430F5xx_6xx\</path>
         <kind>object</kind>
         <file>tec.obj</file>
         <name>tec.obj</name>
      </input_file>
      <input_file id="fl-2f">
         <path>.\driverlib\MSP430F5xx_6xx\</path>
         <kind>object</kind>
         <file>timer_a.obj</file>
         <name>timer_a.obj</name>
      </input_file>
      <input_file id="fl-30">
         <path>.\driverlib\MSP430F5xx_6xx\</path>
         <kind>object</kind>
         <file>timer_b.obj</file>
         <name>timer_b.obj</name>
      </input_file>
      <input_file id="fl-31">
         <path>.\driverlib\MSP430F5xx_6xx\</path>
         <kind>object</kind>
         <file>timer_d.obj</file>
         <name>timer_d.obj</name>
      </input_file>
      <input_file id="fl-32">
         <path>.\driverlib\MSP430F5xx_6xx\</path>
         <kind>object</kind>
         <file>tlv.obj</file>
         <name>tlv.obj</name>
      </input_file>
      <input_file id="fl-33">
         <path>.\driverlib\MSP430F5xx_6xx\</path>
         <kind>object</kind>
         <file>ucs.obj</file>
         <name>ucs.obj</name>
      </input_file>
      <input_file id="fl-34">
         <path>.\driverlib\MSP430F5xx_6xx\</path>
         <kind>object</kind>
         <file>usci_a_spi.obj</file>
         <name>usci_a_spi.obj</name>
      </input_file>
      <input_file id="fl-35">
         <path>.\driverlib\MSP430F5xx_6xx\</path>
         <kind>object</kind>
         <file>usci_a_uart.obj</file>
         <name>usci_a_uart.obj</name>
      </input_file>
      <input_file id="fl-36">
         <path>.\driverlib\MSP430F5xx_6xx\</path>
         <kind>object</kind>
         <file>usci_b_i2c.obj</file>
         <name>usci_b_i2c.obj</name>
      </input_file>
      <input_file id="fl-37">
         <path>.\driverlib\MSP430F5xx_6xx\</path>
         <kind>object</kind>
         <file>usci_b_spi.obj</file>
         <name>usci_b_spi.obj</name>
      </input_file>
      <input_file id="fl-38">
         <path>.\driverlib\MSP430F5xx_6xx\</path>
         <kind>object</kind>
         <file>wdt_a.obj</file>
         <name>wdt_a.obj</name>
      </input_file>
      <input_file id="fl-39">
         <path>.\dac8811\</path>
         <kind>object</kind>
         <file>dac8811Config.obj</file>
         <name>dac8811Config.obj</name>
      </input_file>
      <input_file id="fl-3a">
         <path>.\dac8571\</path>
         <kind>object</kind>
         <file>msp430f5438_DAC8571_drive.obj</file>
         <name>msp430f5438_DAC8571_drive.obj</name>
      </input_file>
      <input_file id="fl-3b">
         <path>.\button\</path>
         <kind>object</kind>
         <file>button.obj</file>
         <name>button.obj</name>
      </input_file>
      <input_file id="fl-3c">
         <path>.\ads1118\</path>
         <kind>object</kind>
         <file>ads1118.obj</file>
         <name>ads1118.obj</name>
      </input_file>
      <input_file id="fl-3d">
         <path>.\ScreenCmunication\</path>
         <kind>object</kind>
         <file>read_screen.obj</file>
         <name>read_screen.obj</name>
      </input_file>
      <input_file id="fl-3e">
         <path>.\ScreenCmunication\</path>
         <kind>object</kind>
         <file>screenid.obj</file>
         <name>screenid.obj</name>
      </input_file>
      <input_file id="fl-3f">
         <path>.\ScreenCmunication\</path>
         <kind>object</kind>
         <file>writescreen.obj</file>
         <name>writescreen.obj</name>
      </input_file>
      <input_file id="fl-40">
         <path>.\PCCommunication\</path>
         <kind>object</kind>
         <file>humancontrol.obj</file>
         <name>humancontrol.obj</name>
      </input_file>
      <input_file id="fl-75">
         <path>E:\TI\ccsv6\tools\compiler\ti-cgt-msp430_4.4.5\lib\</path>
         <kind>archive</kind>
         <file>rts430x_lc_rd_eabi.lib</file>
         <name>atof.obj</name>
      </input_file>
      <input_file id="fl-76">
         <path>E:\TI\ccsv6\tools\compiler\ti-cgt-msp430_4.4.5\lib\</path>
         <kind>archive</kind>
         <file>rts430x_lc_rd_eabi.lib</file>
         <name>atoi.obj</name>
      </input_file>
      <input_file id="fl-77">
         <path>E:\TI\ccsv6\tools\compiler\ti-cgt-msp430_4.4.5\lib\</path>
         <kind>archive</kind>
         <file>rts430x_lc_rd_eabi.lib</file>
         <name>boot.obj</name>
      </input_file>
      <input_file id="fl-78">
         <path>E:\TI\ccsv6\tools\compiler\ti-cgt-msp430_4.4.5\lib\</path>
         <kind>archive</kind>
         <file>rts430x_lc_rd_eabi.lib</file>
         <name>boot_special.obj</name>
      </input_file>
      <input_file id="fl-79">
         <path>E:\TI\ccsv6\tools\compiler\ti-cgt-msp430_4.4.5\lib\</path>
         <kind>archive</kind>
         <file>rts430x_lc_rd_eabi.lib</file>
         <name>copy_decompress_none.obj</name>
      </input_file>
      <input_file id="fl-7a">
         <path>E:\TI\ccsv6\tools\compiler\ti-cgt-msp430_4.4.5\lib\</path>
         <kind>archive</kind>
         <file>rts430x_lc_rd_eabi.lib</file>
         <name>copy_decompress_rle.obj</name>
      </input_file>
      <input_file id="fl-7b">
         <path>E:\TI\ccsv6\tools\compiler\ti-cgt-msp430_4.4.5\lib\</path>
         <kind>archive</kind>
         <file>rts430x_lc_rd_eabi.lib</file>
         <name>copy_zero_init.obj</name>
      </input_file>
      <input_file id="fl-7c">
         <path>E:\TI\ccsv6\tools\compiler\ti-cgt-msp430_4.4.5\lib\</path>
         <kind>archive</kind>
         <file>rts430x_lc_rd_eabi.lib</file>
         <name>ctype.obj</name>
      </input_file>
      <input_file id="fl-7d">
         <path>E:\TI\ccsv6\tools\compiler\ti-cgt-msp430_4.4.5\lib\</path>
         <kind>archive</kind>
         <file>rts430x_lc_rd_eabi.lib</file>
         <name>cvtdf.obj</name>
      </input_file>
      <input_file id="fl-7e">
         <path>E:\TI\ccsv6\tools\compiler\ti-cgt-msp430_4.4.5\lib\</path>
         <kind>archive</kind>
         <file>rts430x_lc_rd_eabi.lib</file>
         <name>cvtfd.obj</name>
      </input_file>
      <input_file id="fl-7f">
         <path>E:\TI\ccsv6\tools\compiler\ti-cgt-msp430_4.4.5\lib\</path>
         <kind>archive</kind>
         <file>rts430x_lc_rd_eabi.lib</file>
         <name>div16s.obj</name>
      </input_file>
      <input_file id="fl-80">
         <path>E:\TI\ccsv6\tools\compiler\ti-cgt-msp430_4.4.5\lib\</path>
         <kind>archive</kind>
         <file>rts430x_lc_rd_eabi.lib</file>
         <name>div16u.obj</name>
      </input_file>
      <input_file id="fl-81">
         <path>E:\TI\ccsv6\tools\compiler\ti-cgt-msp430_4.4.5\lib\</path>
         <kind>archive</kind>
         <file>rts430x_lc_rd_eabi.lib</file>
         <name>div32s.obj</name>
      </input_file>
      <input_file id="fl-82">
         <path>E:\TI\ccsv6\tools\compiler\ti-cgt-msp430_4.4.5\lib\</path>
         <kind>archive</kind>
         <file>rts430x_lc_rd_eabi.lib</file>
         <name>div32u.obj</name>
      </input_file>
      <input_file id="fl-83">
         <path>E:\TI\ccsv6\tools\compiler\ti-cgt-msp430_4.4.5\lib\</path>
         <kind>archive</kind>
         <file>rts430x_lc_rd_eabi.lib</file>
         <name>exit.obj</name>
      </input_file>
      <input_file id="fl-84">
         <path>E:\TI\ccsv6\tools\compiler\ti-cgt-msp430_4.4.5\lib\</path>
         <kind>archive</kind>
         <file>rts430x_lc_rd_eabi.lib</file>
         <name>exit_gvars.obj</name>
      </input_file>
      <input_file id="fl-85">
         <path>E:\TI\ccsv6\tools\compiler\ti-cgt-msp430_4.4.5\lib\</path>
         <kind>archive</kind>
         <file>rts430x_lc_rd_eabi.lib</file>
         <name>fixdu.obj</name>
      </input_file>
      <input_file id="fl-86">
         <path>E:\TI\ccsv6\tools\compiler\ti-cgt-msp430_4.4.5\lib\</path>
         <kind>archive</kind>
         <file>rts430x_lc_rd_eabi.lib</file>
         <name>fixdul.obj</name>
      </input_file>
      <input_file id="fl-87">
         <path>E:\TI\ccsv6\tools\compiler\ti-cgt-msp430_4.4.5\lib\</path>
         <kind>archive</kind>
         <file>rts430x_lc_rd_eabi.lib</file>
         <name>fs_div.obj</name>
      </input_file>
      <input_file id="fl-88">
         <path>E:\TI\ccsv6\tools\compiler\ti-cgt-msp430_4.4.5\lib\</path>
         <kind>archive</kind>
         <file>rts430x_lc_rd_eabi.lib</file>
         <name>fs_mpy.obj</name>
      </input_file>
      <input_file id="fl-89">
         <path>E:\TI\ccsv6\tools\compiler\ti-cgt-msp430_4.4.5\lib\</path>
         <kind>archive</kind>
         <file>rts430x_lc_rd_eabi.lib</file>
         <name>fs_tou.obj</name>
      </input_file>
      <input_file id="fl-8a">
         <path>E:\TI\ccsv6\tools\compiler\ti-cgt-msp430_4.4.5\lib\</path>
         <kind>archive</kind>
         <file>rts430x_lc_rd_eabi.lib</file>
         <name>fs_utof.obj</name>
      </input_file>
      <input_file id="fl-8b">
         <path>E:\TI\ccsv6\tools\compiler\ti-cgt-msp430_4.4.5\lib\</path>
         <kind>archive</kind>
         <file>rts430x_lc_rd_eabi.lib</file>
         <name>int41.obj</name>
      </input_file>
      <input_file id="fl-8c">
         <path>E:\TI\ccsv6\tools\compiler\ti-cgt-msp430_4.4.5\lib\</path>
         <kind>archive</kind>
         <file>rts430x_lc_rd_eabi.lib</file>
         <name>int42.obj</name>
      </input_file>
      <input_file id="fl-8d">
         <path>E:\TI\ccsv6\tools\compiler\ti-cgt-msp430_4.4.5\lib\</path>
         <kind>archive</kind>
         <file>rts430x_lc_rd_eabi.lib</file>
         <name>int44.obj</name>
      </input_file>
      <input_file id="fl-8e">
         <path>E:\TI\ccsv6\tools\compiler\ti-cgt-msp430_4.4.5\lib\</path>
         <kind>archive</kind>
         <file>rts430x_lc_rd_eabi.lib</file>
         <name>int47.obj</name>
      </input_file>
      <input_file id="fl-8f">
         <path>E:\TI\ccsv6\tools\compiler\ti-cgt-msp430_4.4.5\lib\</path>
         <kind>archive</kind>
         <file>rts430x_lc_rd_eabi.lib</file>
         <name>int48.obj</name>
      </input_file>
      <input_file id="fl-90">
         <path>E:\TI\ccsv6\tools\compiler\ti-cgt-msp430_4.4.5\lib\</path>
         <kind>archive</kind>
         <file>rts430x_lc_rd_eabi.lib</file>
         <name>int50.obj</name>
      </input_file>
      <input_file id="fl-91">
         <path>E:\TI\ccsv6\tools\compiler\ti-cgt-msp430_4.4.5\lib\</path>
         <kind>archive</kind>
         <file>rts430x_lc_rd_eabi.lib</file>
         <name>int52.obj</name>
      </input_file>
      <input_file id="fl-92">
         <path>E:\TI\ccsv6\tools\compiler\ti-cgt-msp430_4.4.5\lib\</path>
         <kind>archive</kind>
         <file>rts430x_lc_rd_eabi.lib</file>
         <name>int53.obj</name>
      </input_file>
      <input_file id="fl-93">
         <path>E:\TI\ccsv6\tools\compiler\ti-cgt-msp430_4.4.5\lib\</path>
         <kind>archive</kind>
         <file>rts430x_lc_rd_eabi.lib</file>
         <name>int54.obj</name>
      </input_file>
      <input_file id="fl-94">
         <path>E:\TI\ccsv6\tools\compiler\ti-cgt-msp430_4.4.5\lib\</path>
         <kind>archive</kind>
         <file>rts430x_lc_rd_eabi.lib</file>
         <name>int55.obj</name>
      </input_file>
      <input_file id="fl-95">
         <path>E:\TI\ccsv6\tools\compiler\ti-cgt-msp430_4.4.5\lib\</path>
         <kind>archive</kind>
         <file>rts430x_lc_rd_eabi.lib</file>
         <name>int58.obj</name>
      </input_file>
      <input_file id="fl-96">
         <path>E:\TI\ccsv6\tools\compiler\ti-cgt-msp430_4.4.5\lib\</path>
         <kind>archive</kind>
         <file>rts430x_lc_rd_eabi.lib</file>
         <name>int59.obj</name>
      </input_file>
      <input_file id="fl-97">
         <path>E:\TI\ccsv6\tools\compiler\ti-cgt-msp430_4.4.5\lib\</path>
         <kind>archive</kind>
         <file>rts430x_lc_rd_eabi.lib</file>
         <name>int60.obj</name>
      </input_file>
      <input_file id="fl-98">
         <path>E:\TI\ccsv6\tools\compiler\ti-cgt-msp430_4.4.5\lib\</path>
         <kind>archive</kind>
         <file>rts430x_lc_rd_eabi.lib</file>
         <name>int61.obj</name>
      </input_file>
      <input_file id="fl-99">
         <path>E:\TI\ccsv6\tools\compiler\ti-cgt-msp430_4.4.5\lib\</path>
         <kind>archive</kind>
         <file>rts430x_lc_rd_eabi.lib</file>
         <name>int62.obj</name>
      </input_file>
      <input_file id="fl-9a">
         <path>E:\TI\ccsv6\tools\compiler\ti-cgt-msp430_4.4.5\lib\</path>
         <kind>archive</kind>
         <file>rts430x_lc_rd_eabi.lib</file>
         <name>isr_trap.obj</name>
      </input_file>
      <input_file id="fl-9b">
         <path>E:\TI\ccsv6\tools\compiler\ti-cgt-msp430_4.4.5\lib\</path>
         <kind>archive</kind>
         <file>rts430x_lc_rd_eabi.lib</file>
         <name>lsl16.obj</name>
      </input_file>
      <input_file id="fl-9c">
         <path>E:\TI\ccsv6\tools\compiler\ti-cgt-msp430_4.4.5\lib\</path>
         <kind>archive</kind>
         <file>rts430x_lc_rd_eabi.lib</file>
         <name>lsl32.obj</name>
      </input_file>
      <input_file id="fl-9d">
         <path>E:\TI\ccsv6\tools\compiler\ti-cgt-msp430_4.4.5\lib\</path>
         <kind>archive</kind>
         <file>rts430x_lc_rd_eabi.lib</file>
         <name>lsr32.obj</name>
      </input_file>
      <input_file id="fl-9e">
         <path>E:\TI\ccsv6\tools\compiler\ti-cgt-msp430_4.4.5\lib\</path>
         <kind>archive</kind>
         <file>rts430x_lc_rd_eabi.lib</file>
         <name>memcpy.obj</name>
      </input_file>
      <input_file id="fl-9f">
         <path>E:\TI\ccsv6\tools\compiler\ti-cgt-msp430_4.4.5\lib\</path>
         <kind>archive</kind>
         <file>rts430x_lc_rd_eabi.lib</file>
         <name>memset.obj</name>
      </input_file>
      <input_file id="fl-a0">
         <path>E:\TI\ccsv6\tools\compiler\ti-cgt-msp430_4.4.5\lib\</path>
         <kind>archive</kind>
         <file>rts430x_lc_rd_eabi.lib</file>
         <name>mpu_init.obj</name>
      </input_file>
      <input_file id="fl-a1">
         <path>E:\TI\ccsv6\tools\compiler\ti-cgt-msp430_4.4.5\lib\</path>
         <kind>archive</kind>
         <file>rts430x_lc_rd_eabi.lib</file>
         <name>mpyd.obj</name>
      </input_file>
      <input_file id="fl-a2">
         <path>E:\TI\ccsv6\tools\compiler\ti-cgt-msp430_4.4.5\lib\</path>
         <kind>archive</kind>
         <file>rts430x_lc_rd_eabi.lib</file>
         <name>mult16.obj</name>
      </input_file>
      <input_file id="fl-a3">
         <path>E:\TI\ccsv6\tools\compiler\ti-cgt-msp430_4.4.5\lib\</path>
         <kind>archive</kind>
         <file>rts430x_lc_rd_eabi.lib</file>
         <name>mult1632_f5hw.obj</name>
      </input_file>
      <input_file id="fl-a4">
         <path>E:\TI\ccsv6\tools\compiler\ti-cgt-msp430_4.4.5\lib\</path>
         <kind>archive</kind>
         <file>rts430x_lc_rd_eabi.lib</file>
         <name>mult16_f5hw.obj</name>
      </input_file>
      <input_file id="fl-a5">
         <path>E:\TI\ccsv6\tools\compiler\ti-cgt-msp430_4.4.5\lib\</path>
         <kind>archive</kind>
         <file>rts430x_lc_rd_eabi.lib</file>
         <name>mult32.obj</name>
      </input_file>
      <input_file id="fl-a6">
         <path>E:\TI\ccsv6\tools\compiler\ti-cgt-msp430_4.4.5\lib\</path>
         <kind>archive</kind>
         <file>rts430x_lc_rd_eabi.lib</file>
         <name>mult3264_f5hw.obj</name>
      </input_file>
      <input_file id="fl-a7">
         <path>E:\TI\ccsv6\tools\compiler\ti-cgt-msp430_4.4.5\lib\</path>
         <kind>archive</kind>
         <file>rts430x_lc_rd_eabi.lib</file>
         <name>mult32_f5hw.obj</name>
      </input_file>
      <input_file id="fl-a8">
         <path>E:\TI\ccsv6\tools\compiler\ti-cgt-msp430_4.4.5\lib\</path>
         <kind>archive</kind>
         <file>rts430x_lc_rd_eabi.lib</file>
         <name>mult64_f5hw.obj</name>
      </input_file>
      <input_file id="fl-a9">
         <path>E:\TI\ccsv6\tools\compiler\ti-cgt-msp430_4.4.5\lib\</path>
         <kind>archive</kind>
         <file>rts430x_lc_rd_eabi.lib</file>
         <name>pre_init.obj</name>
      </input_file>
      <input_file id="fl-aa">
         <path>E:\TI\ccsv6\tools\compiler\ti-cgt-msp430_4.4.5\lib\</path>
         <kind>archive</kind>
         <file>rts430x_lc_rd_eabi.lib</file>
         <name>sprintf.obj</name>
      </input_file>
      <input_file id="fl-ab">
         <path>E:\TI\ccsv6\tools\compiler\ti-cgt-msp430_4.4.5\lib\</path>
         <kind>archive</kind>
         <file>rts430x_lc_rd_eabi.lib</file>
         <name>strchr.obj</name>
      </input_file>
      <input_file id="fl-ac">
         <path>E:\TI\ccsv6\tools\compiler\ti-cgt-msp430_4.4.5\lib\</path>
         <kind>archive</kind>
         <file>rts430x_lc_rd_eabi.lib</file>
         <name>strtod.obj</name>
      </input_file>
      <input_file id="fl-ad">
         <path>E:\TI\ccsv6\tools\compiler\ti-cgt-msp430_4.4.5\lib\</path>
         <kind>archive</kind>
         <file>rts430x_lc_rd_eabi.lib</file>
         <name>_lock.obj</name>
      </input_file>
      <input_file id="fl-ae">
         <path>E:\TI\ccsv6\tools\compiler\ti-cgt-msp430_4.4.5\lib\</path>
         <kind>archive</kind>
         <file>rts430x_lc_rd_eabi.lib</file>
         <name>_printfi.obj</name>
      </input_file>
      <input_file id="fl-af">
         <path>E:\TI\ccsv6\tools\compiler\ti-cgt-msp430_4.4.5\lib\</path>
         <kind>archive</kind>
         <file>rts430x_lc_rd_eabi.lib</file>
         <name>abs.obj</name>
      </input_file>
      <input_file id="fl-b0">
         <path>E:\TI\ccsv6\tools\compiler\ti-cgt-msp430_4.4.5\lib\</path>
         <kind>archive</kind>
         <file>rts430x_lc_rd_eabi.lib</file>
         <name>addd.obj</name>
      </input_file>
      <input_file id="fl-b1">
         <path>E:\TI\ccsv6\tools\compiler\ti-cgt-msp430_4.4.5\lib\</path>
         <kind>archive</kind>
         <file>rts430x_lc_rd_eabi.lib</file>
         <name>args_main.obj</name>
      </input_file>
      <input_file id="fl-b2">
         <path>E:\TI\ccsv6\tools\compiler\ti-cgt-msp430_4.4.5\lib\</path>
         <kind>archive</kind>
         <file>rts430x_lc_rd_eabi.lib</file>
         <name>asr32.obj</name>
      </input_file>
      <input_file id="fl-b3">
         <path>E:\TI\ccsv6\tools\compiler\ti-cgt-msp430_4.4.5\lib\</path>
         <kind>archive</kind>
         <file>rts430x_lc_rd_eabi.lib</file>
         <name>autoinit_wdt.obj</name>
      </input_file>
      <input_file id="fl-b4">
         <path>E:\TI\ccsv6\tools\compiler\ti-cgt-msp430_4.4.5\lib\</path>
         <kind>archive</kind>
         <file>rts430x_lc_rd_eabi.lib</file>
         <name>cmpd.obj</name>
      </input_file>
      <input_file id="fl-b5">
         <path>E:\TI\ccsv6\tools\compiler\ti-cgt-msp430_4.4.5\lib\</path>
         <kind>archive</kind>
         <file>rts430x_lc_rd_eabi.lib</file>
         <name>div64u.obj</name>
      </input_file>
      <input_file id="fl-b6">
         <path>E:\TI\ccsv6\tools\compiler\ti-cgt-msp430_4.4.5\lib\</path>
         <kind>archive</kind>
         <file>rts430x_lc_rd_eabi.lib</file>
         <name>divd.obj</name>
      </input_file>
      <input_file id="fl-b7">
         <path>E:\TI\ccsv6\tools\compiler\ti-cgt-msp430_4.4.5\lib\</path>
         <kind>archive</kind>
         <file>rts430x_lc_rd_eabi.lib</file>
         <name>errno.obj</name>
      </input_file>
      <input_file id="fl-b8">
         <path>E:\TI\ccsv6\tools\compiler\ti-cgt-msp430_4.4.5\lib\</path>
         <kind>archive</kind>
         <file>rts430x_lc_rd_eabi.lib</file>
         <name>fixdi.obj</name>
      </input_file>
      <input_file id="fl-b9">
         <path>E:\TI\ccsv6\tools\compiler\ti-cgt-msp430_4.4.5\lib\</path>
         <kind>archive</kind>
         <file>rts430x_lc_rd_eabi.lib</file>
         <name>fixdli.obj</name>
      </input_file>
      <input_file id="fl-ba">
         <path>E:\TI\ccsv6\tools\compiler\ti-cgt-msp430_4.4.5\lib\</path>
         <kind>archive</kind>
         <file>rts430x_lc_rd_eabi.lib</file>
         <name>fltid.obj</name>
      </input_file>
      <input_file id="fl-bb">
         <path>E:\TI\ccsv6\tools\compiler\ti-cgt-msp430_4.4.5\lib\</path>
         <kind>archive</kind>
         <file>rts430x_lc_rd_eabi.lib</file>
         <name>fltlid.obj</name>
      </input_file>
      <input_file id="fl-bc">
         <path>E:\TI\ccsv6\tools\compiler\ti-cgt-msp430_4.4.5\lib\</path>
         <kind>archive</kind>
         <file>rts430x_lc_rd_eabi.lib</file>
         <name>frcaddd.obj</name>
      </input_file>
      <input_file id="fl-bd">
         <path>E:\TI\ccsv6\tools\compiler\ti-cgt-msp430_4.4.5\lib\</path>
         <kind>archive</kind>
         <file>rts430x_lc_rd_eabi.lib</file>
         <name>frcdivd.obj</name>
      </input_file>
      <input_file id="fl-be">
         <path>E:\TI\ccsv6\tools\compiler\ti-cgt-msp430_4.4.5\lib\</path>
         <kind>archive</kind>
         <file>rts430x_lc_rd_eabi.lib</file>
         <name>frcmpyd.obj</name>
      </input_file>
      <input_file id="fl-bf">
         <path>E:\TI\ccsv6\tools\compiler\ti-cgt-msp430_4.4.5\lib\</path>
         <kind>archive</kind>
         <file>rts430x_lc_rd_eabi.lib</file>
         <name>frexp.obj</name>
      </input_file>
      <input_file id="fl-c0">
         <path>E:\TI\ccsv6\tools\compiler\ti-cgt-msp430_4.4.5\lib\</path>
         <kind>archive</kind>
         <file>rts430x_lc_rd_eabi.lib</file>
         <name>ldexp.obj</name>
      </input_file>
      <input_file id="fl-c1">
         <path>E:\TI\ccsv6\tools\compiler\ti-cgt-msp430_4.4.5\lib\</path>
         <kind>archive</kind>
         <file>rts430x_lc_rd_eabi.lib</file>
         <name>lsl64.obj</name>
      </input_file>
      <input_file id="fl-c2">
         <path>E:\TI\ccsv6\tools\compiler\ti-cgt-msp430_4.4.5\lib\</path>
         <kind>archive</kind>
         <file>rts430x_lc_rd_eabi.lib</file>
         <name>lsr64.obj</name>
      </input_file>
      <input_file id="fl-c3">
         <path>E:\TI\ccsv6\tools\compiler\ti-cgt-msp430_4.4.5\lib\</path>
         <kind>archive</kind>
         <file>rts430x_lc_rd_eabi.lib</file>
         <name>ltoa.obj</name>
      </input_file>
      <input_file id="fl-c4">
         <path>E:\TI\ccsv6\tools\compiler\ti-cgt-msp430_4.4.5\lib\</path>
         <kind>archive</kind>
         <file>rts430x_lc_rd_eabi.lib</file>
         <name>memccpy.obj</name>
      </input_file>
      <input_file id="fl-c5">
         <path>E:\TI\ccsv6\tools\compiler\ti-cgt-msp430_4.4.5\lib\</path>
         <kind>archive</kind>
         <file>rts430x_lc_rd_eabi.lib</file>
         <name>negd.obj</name>
      </input_file>
      <input_file id="fl-c6">
         <path>E:\TI\ccsv6\tools\compiler\ti-cgt-msp430_4.4.5\lib\</path>
         <kind>archive</kind>
         <file>rts430x_lc_rd_eabi.lib</file>
         <name>renormd.obj</name>
      </input_file>
      <input_file id="fl-c7">
         <path>E:\TI\ccsv6\tools\compiler\ti-cgt-msp430_4.4.5\lib\</path>
         <kind>archive</kind>
         <file>rts430x_lc_rd_eabi.lib</file>
         <name>strlen.obj</name>
      </input_file>
      <input_file id="fl-c8">
         <path>E:\TI\ccsv6\tools\compiler\ti-cgt-msp430_4.4.5\lib\</path>
         <kind>archive</kind>
         <file>rts430x_lc_rd_eabi.lib</file>
         <name>subd.obj</name>
      </input_file>
      <input_file id="fl-c9">
         <path>E:\TI\ccsv6\tools\compiler\ti-cgt-msp430_4.4.5\lib\</path>
         <kind>archive</kind>
         <file>rts430x_lc_rd_eabi.lib</file>
         <name>toupper.obj</name>
      </input_file>
      <input_file id="fl-ca">
         <path>E:\TI\ccsv6\tools\compiler\ti-cgt-msp430_4.4.5\lib\</path>
         <kind>archive</kind>
         <file>rts430x_lc_rd_eabi.lib</file>
         <name>xdclass.obj</name>
      </input_file>
      <input_file id="fl-cb">
         <path>E:\TI\ccsv6\tools\compiler\ti-cgt-msp430_4.4.5\lib\</path>
         <kind>archive</kind>
         <file>rts430x_lc_rd_eabi.lib</file>
         <name>xdscale.obj</name>
      </input_file>
      <input_file id="fl-cc">
         <path>E:\TI\ccsv6\tools\compiler\ti-cgt-msp430_4.4.5\lib\</path>
         <kind>archive</kind>
         <file>rts430x_lc_rd_eabi.lib</file>
         <name>xdunscal.obj</name>
      </input_file>
      <input_file id="fl-cd">
         <path>E:\TI\ccsv6\tools\compiler\ti-cgt-msp430_4.4.5\lib\</path>
         <kind>archive</kind>
         <file>rts430x_lc_rd_eabi.lib</file>
         <name>xferaise.obj</name>
      </input_file>
      <input_file id="fl-ce">
         <path>E:\TI\ccsv6\tools\compiler\ti-cgt-msp430_4.4.5\lib\</path>
         <kind>archive</kind>
         <file>rts430x_lc_rd_eabi.lib</file>
         <name>xvalues.obj</name>
      </input_file>
      <input_file id="fl-cf">
         <path>E:\TI\ccsv6\tools\compiler\ti-cgt-msp430_4.4.5\lib\</path>
         <kind>archive</kind>
         <file>rts430x_lc_rd_eabi.lib</file>
         <name>feraiseexcept.obj</name>
      </input_file>
      <input_file id="fl-d0">
         <path>E:\TI\ccsv6\tools\compiler\ti-cgt-msp430_4.4.5\lib\</path>
         <kind>archive</kind>
         <file>rts430x_lc_rd_eabi.lib</file>
         <name>lsr16.obj</name>
      </input_file>
      <input_file id="fl-d1">
         <path>E:\TI\ccsv6\tools\compiler\ti-cgt-msp430_4.4.5\lib\</path>
         <kind>archive</kind>
         <file>rts430x_lc_rd_eabi.lib</file>
         <name>raise.obj</name>
      </input_file>
      <input_file id="fl-d2">
         <path>E:\TI\ccsv6\tools\compiler\ti-cgt-msp430_4.4.5\lib\</path>
         <kind>archive</kind>
         <file>rts430x_lc_rd_eabi.lib</file>
         <name>signal.obj</name>
      </input_file>
      <input_file id="fl-d3">
         <path>E:\TI\ccsv6\tools\compiler\ti-cgt-msp430_4.4.5\lib\</path>
         <kind>archive</kind>
         <file>rts430x_lc_rd_eabi.lib</file>
         <name>xdnorm.obj</name>
      </input_file>
   </input_file_list>
   <object_component_list>
      <object_component id="oc-1d4">
         <name>.common:ans</name>
         <uninitialized>true</uninitialized>
         <run_address>0x1fd8</run_address>
         <size>0x2</size>
      </object_component>
      <object_component id="oc-1d7">
         <name>.common:real_vol</name>
         <uninitialized>true</uninitialized>
         <run_address>0x1fda</run_address>
         <size>0x2</size>
      </object_component>
      <object_component id="oc-333">
         <name>.common:onqueue</name>
         <uninitialized>true</uninitialized>
         <run_address>0x1c00</run_address>
         <size>0x3c0</size>
      </object_component>
      <object_component id="oc-25e">
         <name>.common:queuehead</name>
         <uninitialized>true</uninitialized>
         <run_address>0x1fc8</run_address>
         <size>0x4</size>
      </object_component>
      <object_component id="oc-25b">
         <name>.common:queuetail</name>
         <uninitialized>true</uninitialized>
         <run_address>0x1fcc</run_address>
         <size>0x4</size>
      </object_component>
      <object_component id="oc-265">
         <name>.common:prehead</name>
         <uninitialized>true</uninitialized>
         <run_address>0x1fc4</run_address>
         <size>0x4</size>
      </object_component>
      <object_component id="oc-1c8">
         <name>.common:transPhase</name>
         <uninitialized>true</uninitialized>
         <run_address>0x1fd4</run_address>
         <size>0x4</size>
      </object_component>
      <object_component id="oc-23e">
         <name>.common:head</name>
         <uninitialized>true</uninitialized>
         <run_address>0x1fc0</run_address>
         <size>0x4</size>
      </object_component>
      <object_component id="oc-241">
         <name>.common:tail</name>
         <uninitialized>true</uninitialized>
         <run_address>0x1fd0</run_address>
         <size>0x4</size>
      </object_component>
      <object_component id="oc-cf">
         <name>.stack</name>
         <uninitialized>true</uninitialized>
         <run_address>0x5b60</run_address>
         <size>0x4</size>
         <input_file_ref idref="fl-77"/>
      </object_component>
      <object_component id="oc-764">
         <name>.stack</name>
         <uninitialized>true</uninitialized>
         <run_address>0x5b60</run_address>
         <size>0x0</size>
      </object_component>
      <object_component id="oc-5f9">
         <name>.text:__TI_frcdivd</name>
         <load_address>0x10000</load_address>
         <run_address>0x10000</run_address>
         <size>0x452</size>
         <input_file_ref idref="fl-bd"/>
      </object_component>
      <object_component id="oc-5c5">
         <name>.text:__mspabi_divull</name>
         <load_address>0x10452</load_address>
         <run_address>0x10452</run_address>
         <size>0x39a</size>
         <input_file_ref idref="fl-b5"/>
      </object_component>
      <object_component id="oc-5f1">
         <name>.text:__TI_frcmpyd</name>
         <load_address>0x107ec</load_address>
         <run_address>0x107ec</run_address>
         <size>0x2e4</size>
         <input_file_ref idref="fl-be"/>
      </object_component>
      <object_component id="oc-63a">
         <name>.text:__mspabi_addd</name>
         <load_address>0x10ad0</load_address>
         <run_address>0x10ad0</run_address>
         <size>0x2d8</size>
         <input_file_ref idref="fl-b0"/>
      </object_component>
      <object_component id="oc-59d">
         <name>.text:__mspabi_mpyd</name>
         <load_address>0x10da8</load_address>
         <run_address>0x10da8</run_address>
         <size>0x282</size>
         <input_file_ref idref="fl-a1"/>
      </object_component>
      <object_component id="oc-49a">
         <name>.text:_setfield</name>
         <load_address>0x1102a</load_address>
         <run_address>0x1102a</run_address>
         <size>0x262</size>
         <input_file_ref idref="fl-ae"/>
      </object_component>
      <object_component id="oc-67a">
         <name>.text:__TI_frcaddd</name>
         <load_address>0x1128c</load_address>
         <run_address>0x1128c</run_address>
         <size>0x252</size>
         <input_file_ref idref="fl-bc"/>
      </object_component>
      <object_component id="oc-5a3">
         <name>.text:__mspabi_divd</name>
         <load_address>0x114de</load_address>
         <run_address>0x114de</run_address>
         <size>0x222</size>
         <input_file_ref idref="fl-b6"/>
      </object_component>
      <object_component id="oc-4ff">
         <name>.text:_pproc_fgea</name>
         <load_address>0x11700</load_address>
         <run_address>0x11700</run_address>
         <size>0x218</size>
         <input_file_ref idref="fl-ae"/>
      </object_component>
      <object_component id="oc-57d">
         <name>.text:ecvt</name>
         <load_address>0x11918</load_address>
         <run_address>0x11918</run_address>
         <size>0x218</size>
         <input_file_ref idref="fl-ae"/>
      </object_component>
      <object_component id="oc-5b0">
         <name>.text:acvt</name>
         <load_address>0x11b30</load_address>
         <run_address>0x11b30</run_address>
         <size>0x212</size>
         <input_file_ref idref="fl-ae"/>
      </object_component>
      <object_component id="oc-413">
         <name>.text:__TI_printfi</name>
         <load_address>0x11d42</load_address>
         <run_address>0x11d42</run_address>
         <size>0x202</size>
         <input_file_ref idref="fl-ae"/>
      </object_component>
      <object_component id="oc-590">
         <name>.text:fcvt</name>
         <load_address>0x11f44</load_address>
         <run_address>0x11f44</run_address>
         <size>0x202</size>
         <input_file_ref idref="fl-ae"/>
      </object_component>
      <object_component id="oc-555">
         <name>.text:_pconv_e</name>
         <load_address>0x12146</load_address>
         <run_address>0x12146</run_address>
         <size>0x1a4</size>
         <input_file_ref idref="fl-ae"/>
      </object_component>
      <object_component id="oc-65a">
         <name>.text:_Dscale</name>
         <load_address>0x122ea</load_address>
         <run_address>0x122ea</run_address>
         <size>0x19e</size>
         <input_file_ref idref="fl-cb"/>
      </object_component>
      <object_component id="oc-52a">
         <name>.text:_getarg_diouxp</name>
         <load_address>0x12488</load_address>
         <run_address>0x12488</run_address>
         <size>0x188</size>
         <input_file_ref idref="fl-ae"/>
      </object_component>
      <object_component id="oc-55b">
         <name>.text:_pconv_a</name>
         <load_address>0x12610</load_address>
         <run_address>0x12610</run_address>
         <size>0x16e</size>
         <input_file_ref idref="fl-ae"/>
      </object_component>
      <object_component id="oc-4f9">
         <name>.text:_pproc_diouxp</name>
         <load_address>0x1277e</load_address>
         <run_address>0x1277e</run_address>
         <size>0x148</size>
         <input_file_ref idref="fl-ae"/>
      </object_component>
      <object_component id="oc-2f6">
         <name>.text:screenRuning</name>
         <load_address>0x128c6</load_address>
         <run_address>0x128c6</run_address>
         <size>0x13e</size>
         <input_file_ref idref="fl-3d"/>
      </object_component>
      <object_component id="oc-4c6">
         <name>.text:privateUCSSourceClockFromDCO</name>
         <load_address>0x12a04</load_address>
         <run_address>0x12a04</run_address>
         <size>0x108</size>
         <input_file_ref idref="fl-33"/>
      </object_component>
      <object_component id="oc-650">
         <name>.text:_Dnorm</name>
         <load_address>0x12b0c</load_address>
         <run_address>0x12b0c</run_address>
         <size>0x100</size>
         <input_file_ref idref="fl-d3"/>
      </object_component>
      <object_component id="oc-549">
         <name>.text:_pconv_g</name>
         <load_address>0x12c0c</load_address>
         <run_address>0x12c0c</run_address>
         <size>0xfc</size>
         <input_file_ref idref="fl-ae"/>
      </object_component>
      <object_component id="oc-494">
         <name>.text:_pproc_fwp</name>
         <load_address>0x12d08</load_address>
         <run_address>0x12d08</run_address>
         <size>0xfa</size>
         <input_file_ref idref="fl-ae"/>
      </object_component>
      <object_component id="oc-3d6">
         <name>.text:screenMessageTrans</name>
         <load_address>0x12e02</load_address>
         <run_address>0x12e02</run_address>
         <size>0xe8</size>
         <input_file_ref idref="fl-3e"/>
      </object_component>
      <object_component id="oc-438">
         <name>.text:privateUCSComputeCLKFrequency</name>
         <load_address>0x12eea</load_address>
         <run_address>0x12eea</run_address>
         <size>0xde</size>
         <input_file_ref idref="fl-33"/>
      </object_component>
      <object_component id="oc-561">
         <name>.text:__mspabi_cmpd</name>
         <load_address>0x12fc8</load_address>
         <run_address>0x12fc8</run_address>
         <size>0xd8</size>
         <input_file_ref idref="fl-b4"/>
      </object_component>
      <object_component id="oc-348">
         <name>.text:USCI_A_UART_init</name>
         <load_address>0x130a0</load_address>
         <run_address>0x130a0</run_address>
         <size>0xd6</size>
         <input_file_ref idref="fl-35"/>
      </object_component>
      <object_component id="oc-305">
         <name>.text:phaseSet</name>
         <load_address>0x13176</load_address>
         <run_address>0x13176</run_address>
         <size>0xd4</size>
         <input_file_ref idref="fl-f"/>
      </object_component>
      <object_component id="oc-6ad">
         <name>.text:__TI_renormd</name>
         <load_address>0x1324a</load_address>
         <run_address>0x1324a</run_address>
         <size>0xb2</size>
         <input_file_ref idref="fl-c6"/>
      </object_component>
      <object_component id="oc-1b3">
         <name>.text:clearQueue</name>
         <load_address>0x132fc</load_address>
         <run_address>0x132fc</run_address>
         <size>0xb2</size>
         <input_file_ref idref="fl-c"/>
      </object_component>
      <object_component id="oc-4a0">
         <name>.text:_pproc_str</name>
         <load_address>0x133ae</load_address>
         <run_address>0x133ae</run_address>
         <size>0xa8</size>
         <input_file_ref idref="fl-ae"/>
      </object_component>
      <object_component id="oc-2a9">
         <name>.text:initQueue</name>
         <load_address>0x13456</load_address>
         <run_address>0x13456</run_address>
         <size>0xa6</size>
         <input_file_ref idref="fl-c"/>
      </object_component>
      <object_component id="oc-530">
         <name>.text:_ltostr</name>
         <load_address>0x134fc</load_address>
         <run_address>0x134fc</run_address>
         <size>0x9e</size>
         <input_file_ref idref="fl-ae"/>
      </object_component>
      <object_component id="oc-5d4">
         <name>.text:__mspabi_fltlid</name>
         <load_address>0x1359a</load_address>
         <run_address>0x1359a</run_address>
         <size>0x94</size>
         <input_file_ref idref="fl-bb"/>
      </object_component>
      <object_component id="oc-583">
         <name>.text:_ecpy</name>
         <load_address>0x1362e</load_address>
         <run_address>0x1362e</run_address>
         <size>0x94</size>
         <input_file_ref idref="fl-ae"/>
      </object_component>
      <object_component id="oc-589">
         <name>.text:_mcpy</name>
         <load_address>0x136c2</load_address>
         <run_address>0x136c2</run_address>
         <size>0x90</size>
         <input_file_ref idref="fl-ae"/>
      </object_component>
      <object_component id="oc-2bb">
         <name>.text:usci_b2_fpga_spi_init</name>
         <load_address>0x13752</load_address>
         <run_address>0x13752</run_address>
         <size>0x8e</size>
         <input_file_ref idref="fl-a"/>
      </object_component>
      <object_component id="oc-2c1">
         <name>.text:initTimerRountine</name>
         <load_address>0x137e0</load_address>
         <run_address>0x137e0</run_address>
         <size>0x8a</size>
         <input_file_ref idref="fl-7"/>
      </object_component>
      <object_component id="oc-2af">
         <name>.text:UartScreenInit</name>
         <load_address>0x1386a</load_address>
         <run_address>0x1386a</run_address>
         <size>0x88</size>
         <input_file_ref idref="fl-6"/>
      </object_component>
      <object_component id="oc-572">
         <name>.text:_div</name>
         <load_address>0x138f2</load_address>
         <run_address>0x138f2</run_address>
         <size>0x88</size>
         <input_file_ref idref="fl-ae"/>
      </object_component>
      <object_component id="oc-143">
         <name>.text:main</name>
         <load_address>0x1397a</load_address>
         <run_address>0x1397a</run_address>
         <size>0x88</size>
         <input_file_ref idref="fl-4"/>
      </object_component>
      <object_component id="oc-228">
         <name>.text:rountineIdle</name>
         <load_address>0x13a02</load_address>
         <run_address>0x13a02</run_address>
         <size>0x88</size>
         <input_file_ref idref="fl-5"/>
      </object_component>
      <object_component id="oc-609">
         <name>.text:ldexp</name>
         <load_address>0x13a8a</load_address>
         <run_address>0x13a8a</run_address>
         <size>0x86</size>
         <input_file_ref idref="fl-c0"/>
      </object_component>
      <object_component id="oc-216">
         <name>.text:rountineUartScreen</name>
         <load_address>0x13b10</load_address>
         <run_address>0x13b10</run_address>
         <size>0x84</size>
         <input_file_ref idref="fl-3d"/>
      </object_component>
      <object_component id="oc-5ce">
         <name>.text:ltoa</name>
         <load_address>0x13b94</load_address>
         <run_address>0x13b94</run_address>
         <size>0x80</size>
         <input_file_ref idref="fl-c3"/>
      </object_component>
      <object_component id="oc-54f">
         <name>.text:_pconv_f</name>
         <load_address>0x13c14</load_address>
         <run_address>0x13c14</run_address>
         <size>0x78</size>
         <input_file_ref idref="fl-ae"/>
      </object_component>
      <object_component id="oc-2e9">
         <name>.text:insertHander</name>
         <load_address>0x13c8c</load_address>
         <run_address>0x13c8c</run_address>
         <size>0x76</size>
         <input_file_ref idref="fl-c"/>
      </object_component>
      <object_component id="oc-2f0">
         <name>.text:USCI_A1_URAT_read_screen_string</name>
         <load_address>0x13d02</load_address>
         <run_address>0x13d02</run_address>
         <size>0x74</size>
         <input_file_ref idref="fl-3d"/>
      </object_component>
      <object_component id="oc-2b5">
         <name>.text:UartPCInit</name>
         <load_address>0x13d76</load_address>
         <run_address>0x13d76</run_address>
         <size>0x74</size>
         <input_file_ref idref="fl-6"/>
      </object_component>
      <object_component id="oc-601">
         <name>.text:_Dunscale</name>
         <load_address>0x13dea</load_address>
         <run_address>0x13dea</run_address>
         <size>0x72</size>
         <input_file_ref idref="fl-cc"/>
      </object_component>
      <object_component id="oc-21c">
         <name>.text:rountineFpga</name>
         <load_address>0x13e5c</load_address>
         <run_address>0x13e5c</run_address>
         <size>0x70</size>
         <input_file_ref idref="fl-f"/>
      </object_component>
      <object_component id="oc-129">
         <name>.text:_auto_init_hold_wdt</name>
         <load_address>0x13ecc</load_address>
         <run_address>0x13ecc</run_address>
         <size>0x6c</size>
         <input_file_ref idref="fl-b3"/>
      </object_component>
      <object_component id="oc-e0">
         <name>.text:__TI_decompress_rle_core</name>
         <load_address>0x13f38</load_address>
         <run_address>0x13f38</run_address>
         <size>0x68</size>
         <input_file_ref idref="fl-7a"/>
      </object_component>
      <object_component id="oc-30c">
         <name>.text:printStringOnPC</name>
         <load_address>0x13fa0</load_address>
         <run_address>0x13fa0</run_address>
         <size>0x68</size>
         <input_file_ref idref="fl-40"/>
      </object_component>
      <object_component id="oc-5e6">
         <name>.text:__mspabi_fixdli</name>
         <load_address>0x14008</load_address>
         <run_address>0x14008</run_address>
         <size>0x66</size>
         <input_file_ref idref="fl-b9"/>
      </object_component>
      <object_component id="oc-2fe">
         <name>.text:atoi</name>
         <load_address>0x1406e</load_address>
         <run_address>0x1406e</run_address>
         <size>0x62</size>
         <input_file_ref idref="fl-76"/>
      </object_component>
      <object_component id="oc-3f6">
         <name>.text:masterWriteMessage</name>
         <load_address>0x140d0</load_address>
         <run_address>0x140d0</run_address>
         <size>0x62</size>
         <input_file_ref idref="fl-f"/>
      </object_component>
      <object_component id="oc-382">
         <name>.text:USCI_B_SPI_initMaster</name>
         <load_address>0x14132</load_address>
         <run_address>0x14132</run_address>
         <size>0x5c</size>
         <input_file_ref idref="fl-37"/>
      </object_component>
      <object_component id="oc-3e2">
         <name>.text:changeState</name>
         <load_address>0x1418e</load_address>
         <run_address>0x1418e</run_address>
         <size>0x5a</size>
         <input_file_ref idref="fl-3b"/>
      </object_component>
      <object_component id="oc-43f">
         <name>.text</name>
         <load_address>0x141e8</load_address>
         <run_address>0x141e8</run_address>
         <size>0x58</size>
         <input_file_ref idref="fl-82"/>
      </object_component>
      <object_component id="oc-3fd">
         <name>.text:USCI_A1_UART_screen_string_transmitData</name>
         <load_address>0x14240</load_address>
         <run_address>0x14240</run_address>
         <size>0x52</size>
         <input_file_ref idref="fl-3f"/>
      </object_component>
      <object_component id="oc-392">
         <name>.text:Timer_A_initContinuousMode</name>
         <load_address>0x14292</load_address>
         <run_address>0x14292</run_address>
         <size>0x50</size>
         <input_file_ref idref="fl-2f"/>
      </object_component>
      <object_component id="oc-53d">
         <name>.text:_Dclass</name>
         <load_address>0x142e2</load_address>
         <run_address>0x142e2</run_address>
         <size>0x50</size>
         <input_file_ref idref="fl-ca"/>
      </object_component>
      <object_component id="oc-3c8">
         <name>.text:get_a_char_fifo</name>
         <load_address>0x14332</load_address>
         <run_address>0x14332</run_address>
         <size>0x50</size>
         <input_file_ref idref="fl-10"/>
      </object_component>
      <object_component id="oc-596">
         <name>.text:_fcpy</name>
         <load_address>0x14382</load_address>
         <run_address>0x14382</run_address>
         <size>0x4e</size>
         <input_file_ref idref="fl-ae"/>
      </object_component>
      <object_component id="oc-222">
         <name>.text:rountinePCUart</name>
         <load_address>0x143d0</load_address>
         <run_address>0x143d0</run_address>
         <size>0x4e</size>
         <input_file_ref idref="fl-40"/>
      </object_component>
      <object_component id="oc-48e">
         <name>.text:_pproc_fflags</name>
         <load_address>0x1441e</load_address>
         <run_address>0x1441e</run_address>
         <size>0x46</size>
         <input_file_ref idref="fl-ae"/>
      </object_component>
      <object_component id="oc-20a">
         <name>.text:getHandler</name>
         <load_address>0x14464</load_address>
         <run_address>0x14464</run_address>
         <size>0x46</size>
         <input_file_ref idref="fl-c"/>
      </object_component>
      <object_component id="oc-354">
         <name>.text:USCI_A_UART_transmitBreak</name>
         <load_address>0x144aa</load_address>
         <run_address>0x144aa</run_address>
         <size>0x44</size>
         <input_file_ref idref="fl-35"/>
      </object_component>
      <object_component id="oc-3dc">
         <name>.text:spiFpgaMessageFill</name>
         <load_address>0x144ee</load_address>
         <run_address>0x144ee</run_address>
         <size>0x44</size>
         <input_file_ref idref="fl-f"/>
      </object_component>
      <object_component id="oc-317">
         <name>.text:sprintf</name>
         <load_address>0x14532</load_address>
         <run_address>0x14532</run_address>
         <size>0x44</size>
         <input_file_ref idref="fl-aa"/>
      </object_component>
      <object_component id="oc-5aa">
         <name>.text:frexp</name>
         <load_address>0x14576</load_address>
         <run_address>0x14576</run_address>
         <size>0x42</size>
         <input_file_ref idref="fl-bf"/>
      </object_component>
      <object_component id="oc-4cc">
         <name>.text</name>
         <load_address>0x145b8</load_address>
         <run_address>0x145b8</run_address>
         <size>0x40</size>
         <input_file_ref idref="fl-81"/>
      </object_component>
      <object_component id="oc-615">
         <name>.text:incr_hex</name>
         <load_address>0x145f8</load_address>
         <run_address>0x145f8</run_address>
         <size>0x3e</size>
         <input_file_ref idref="fl-ae"/>
      </object_component>
      <object_component id="oc-2a3">
         <name>.text:init_fifo</name>
         <load_address>0x14636</load_address>
         <run_address>0x14636</run_address>
         <size>0x3e</size>
         <input_file_ref idref="fl-10"/>
      </object_component>
      <object_component id="oc-643">
         <name>.text:l_asr_const</name>
         <load_address>0x14674</load_address>
         <run_address>0x14674</run_address>
         <size>0x3e</size>
         <input_file_ref idref="fl-b2"/>
      </object_component>
      <object_component id="oc-1cb">
         <name>.text:l_lsl_const</name>
         <load_address>0x146b2</load_address>
         <run_address>0x146b2</run_address>
         <size>0x3e</size>
         <input_file_ref idref="fl-9c"/>
      </object_component>
      <object_component id="oc-47e">
         <name>.text:l_lsr_const</name>
         <load_address>0x146f0</load_address>
         <run_address>0x146f0</run_address>
         <size>0x3e</size>
         <input_file_ref idref="fl-9d"/>
      </object_component>
      <object_component id="oc-199">
         <name>.text:insert_a_char_fifo</name>
         <load_address>0x1472e</load_address>
         <run_address>0x1472e</run_address>
         <size>0x3c</size>
         <input_file_ref idref="fl-10"/>
      </object_component>
      <object_component id="oc-628">
         <name>.text:__mspabi_sllll</name>
         <load_address>0x1476a</load_address>
         <run_address>0x1476a</run_address>
         <size>0x3a</size>
         <input_file_ref idref="fl-c1"/>
      </object_component>
      <object_component id="oc-5bf">
         <name>.text:__mspabi_srlll</name>
         <load_address>0x147a4</load_address>
         <run_address>0x147a4</run_address>
         <size>0x3a</size>
         <input_file_ref idref="fl-c2"/>
      </object_component>
      <object_component id="oc-39e">
         <name>.text:Timer_A_initCompareMode</name>
         <load_address>0x147de</load_address>
         <run_address>0x147de</run_address>
         <size>0x38</size>
         <input_file_ref idref="fl-2f"/>
      </object_component>
      <object_component id="oc-25f">
         <name>.text:deleteHander</name>
         <load_address>0x14816</load_address>
         <run_address>0x14816</run_address>
         <size>0x38</size>
         <input_file_ref idref="fl-c"/>
      </object_component>
      <object_component id="oc-204">
         <name>.text:peripherModuleInit</name>
         <load_address>0x1484e</load_address>
         <run_address>0x1484e</run_address>
         <size>0x38</size>
         <input_file_ref idref="fl-5"/>
      </object_component>
      <object_component id="oc-6df">
         <name>.text:signal</name>
         <load_address>0x14886</load_address>
         <run_address>0x14886</run_address>
         <size>0x38</size>
         <input_file_ref idref="fl-d2"/>
      </object_component>
      <object_component id="oc-660">
         <name>.text:_Feraise</name>
         <load_address>0x148be</load_address>
         <run_address>0x148be</run_address>
         <size>0x36</size>
         <input_file_ref idref="fl-cd"/>
      </object_component>
      <object_component id="oc-1fe">
         <name>.text:initInterface</name>
         <load_address>0x148f4</load_address>
         <run_address>0x148f4</run_address>
         <size>0x36</size>
         <input_file_ref idref="fl-3"/>
      </object_component>
      <object_component id="oc-695">
         <name>.text:feraiseexcept</name>
         <load_address>0x1492a</load_address>
         <run_address>0x1492a</run_address>
         <size>0x34</size>
         <input_file_ref idref="fl-cf"/>
      </object_component>
      <object_component id="oc-5da">
         <name>.text:__mspabi_subd</name>
         <load_address>0x1495e</load_address>
         <run_address>0x1495e</run_address>
         <size>0x32</size>
         <input_file_ref idref="fl-c8"/>
      </object_component>
      <object_component id="oc-6c6">
         <name>.text:raise</name>
         <load_address>0x14990</load_address>
         <run_address>0x14990</run_address>
         <size>0x32</size>
         <input_file_ref idref="fl-d1"/>
      </object_component>
      <object_component id="oc-543">
         <name>.text:__mspabi_negd</name>
         <load_address>0x149c2</load_address>
         <run_address>0x149c2</run_address>
         <size>0x2e</size>
         <input_file_ref idref="fl-c5"/>
      </object_component>
      <object_component id="oc-2c9">
         <name>.text:createUartPCTask</name>
         <load_address>0x149f0</load_address>
         <run_address>0x149f0</run_address>
         <size>0x2e</size>
         <input_file_ref idref="fl-40"/>
      </object_component>
      <object_component id="oc-2cf">
         <name>.text:createUartScreenTask</name>
         <load_address>0x14a1e</load_address>
         <run_address>0x14a1e</run_address>
         <size>0x2e</size>
         <input_file_ref idref="fl-3d"/>
      </object_component>
      <object_component id="oc-2d5">
         <name>.text:createFpgaSpiTask</name>
         <load_address>0x14a4c</load_address>
         <run_address>0x14a4c</run_address>
         <size>0x2c</size>
         <input_file_ref idref="fl-f"/>
      </object_component>
      <object_component id="oc-210">
         <name>.text:produceHandler</name>
         <load_address>0x14a78</load_address>
         <run_address>0x14a78</run_address>
         <size>0x2c</size>
         <input_file_ref idref="fl-2"/>
      </object_component>
      <object_component id="oc-339">
         <name>.text</name>
         <load_address>0x14aa4</load_address>
         <run_address>0x14aa4</run_address>
         <size>0x2c</size>
         <input_file_ref idref="fl-7f"/>
      </object_component>
      <object_component id="oc-36d">
         <name>.text:GPIO_setAsOutputPin</name>
         <load_address>0x14ad0</load_address>
         <run_address>0x14ad0</run_address>
         <size>0x28</size>
         <input_file_ref idref="fl-1f"/>
      </object_component>
      <object_component id="oc-33f">
         <name>.text:GPIO_setAsPeripheralModuleFunctionInputPin</name>
         <load_address>0x14af8</load_address>
         <run_address>0x14af8</run_address>
         <size>0x28</size>
         <input_file_ref idref="fl-1f"/>
      </object_component>
      <object_component id="oc-5e0">
         <name>.text:__mspabi_fixdi</name>
         <load_address>0x14b20</load_address>
         <run_address>0x14b20</run_address>
         <size>0x28</size>
         <input_file_ref idref="fl-b8"/>
      </object_component>
      <object_component id="oc-1a0">
         <name>.text:PC_USCI_A0_UART_string_transmitData</name>
         <load_address>0x14b48</load_address>
         <run_address>0x14b48</run_address>
         <size>0x26</size>
         <input_file_ref idref="fl-40"/>
      </object_component>
      <object_component id="oc-8d">
         <name>.text:decompress:ZI:__TI_zero_init</name>
         <load_address>0x14b6e</load_address>
         <run_address>0x14b6e</run_address>
         <size>0x24</size>
         <input_file_ref idref="fl-7b"/>
      </object_component>
      <object_component id="oc-51d">
         <name>.text</name>
         <load_address>0x14b92</load_address>
         <run_address>0x14b92</run_address>
         <size>0x22</size>
         <input_file_ref idref="fl-a7"/>
      </object_component>
      <object_component id="oc-251">
         <name>.text:USCI_A_UART_transmitData</name>
         <load_address>0x14bb4</load_address>
         <run_address>0x14bb4</run_address>
         <size>0x20</size>
         <input_file_ref idref="fl-35"/>
      </object_component>
      <object_component id="oc-1f8">
         <name>.text:WDT_A_hold</name>
         <load_address>0x14bd4</load_address>
         <run_address>0x14bd4</run_address>
         <size>0x20</size>
         <input_file_ref idref="fl-38"/>
      </object_component>
      <object_component id="oc-407">
         <name>.text:_outs</name>
         <load_address>0x14bf4</load_address>
         <run_address>0x14bf4</run_address>
         <size>0x20</size>
         <input_file_ref idref="fl-aa"/>
      </object_component>
      <object_component id="oc-478">
         <name>.text:master_write_a_byte</name>
         <load_address>0x14c14</load_address>
         <run_address>0x14c14</run_address>
         <size>0x20</size>
         <input_file_ref idref="fl-f"/>
      </object_component>
      <object_component id="oc-60f">
         <name>.text:val_hex</name>
         <load_address>0x14c34</load_address>
         <run_address>0x14c34</run_address>
         <size>0x20</size>
         <input_file_ref idref="fl-ae"/>
      </object_component>
      <object_component id="oc-360">
         <name>.text:USCI_A_UART_enableInterrupt</name>
         <load_address>0x14c54</load_address>
         <run_address>0x14c54</run_address>
         <size>0x1e</size>
         <input_file_ref idref="fl-35"/>
      </object_component>
      <object_component id="oc-190">
         <name>.text:USCI_A_UART_receiveData</name>
         <load_address>0x14c72</load_address>
         <run_address>0x14c72</run_address>
         <size>0x1e</size>
         <input_file_ref idref="fl-35"/>
      </object_component>
      <object_component id="oc-505">
         <name>.text:memccpy</name>
         <load_address>0x14c90</load_address>
         <run_address>0x14c90</run_address>
         <size>0x1e</size>
         <input_file_ref idref="fl-c4"/>
      </object_component>
      <object_component id="oc-373">
         <name>.text:GPIO_setOutputHighOnPin</name>
         <load_address>0x14cae</load_address>
         <run_address>0x14cae</run_address>
         <size>0x1c</size>
         <input_file_ref idref="fl-1f"/>
      </object_component>
      <object_component id="oc-464">
         <name>.text:GPIO_setOutputLowOnPin</name>
         <load_address>0x14cca</load_address>
         <run_address>0x14cca</run_address>
         <size>0x1c</size>
         <input_file_ref idref="fl-1f"/>
      </object_component>
      <object_component id="oc-668">
         <name>.text:strchr</name>
         <load_address>0x14ce6</load_address>
         <run_address>0x14ce6</run_address>
         <size>0x1c</size>
         <input_file_ref idref="fl-ab"/>
      </object_component>
      <object_component id="oc-37c">
         <name>.text:UCS_getSMCLK</name>
         <load_address>0x14d02</load_address>
         <run_address>0x14d02</run_address>
         <size>0x1a</size>
         <input_file_ref idref="fl-33"/>
      </object_component>
      <object_component id="oc-2e3">
         <name>.text:memset</name>
         <load_address>0x14d1c</load_address>
         <run_address>0x14d1c</run_address>
         <size>0x16</size>
         <input_file_ref idref="fl-9f"/>
      </object_component>
      <object_component id="oc-3c0">
         <name>.text:mystringncpy</name>
         <load_address>0x14d32</load_address>
         <run_address>0x14d32</run_address>
         <size>0x16</size>
         <input_file_ref idref="fl-c"/>
      </object_component>
      <object_component id="oc-420">
         <name>.text</name>
         <load_address>0x14d48</load_address>
         <run_address>0x14d48</run_address>
         <size>0x16</size>
         <input_file_ref idref="fl-80"/>
      </object_component>
      <object_component id="oc-334">
         <name>.text</name>
         <load_address>0x14d5e</load_address>
         <run_address>0x14d5e</run_address>
         <size>0x16</size>
         <input_file_ref idref="fl-a4"/>
      </object_component>
      <object_component id="oc-3e8">
         <name>.text:trigger</name>
         <load_address>0x14d74</load_address>
         <run_address>0x14d74</run_address>
         <size>0x16</size>
         <input_file_ref idref="fl-d"/>
      </object_component>
      <object_component id="oc-3b3">
         <name>.text:uartStrncpy</name>
         <load_address>0x14d8a</load_address>
         <run_address>0x14d8a</run_address>
         <size>0x16</size>
         <input_file_ref idref="fl-6"/>
      </object_component>
      <object_component id="oc-40d">
         <name>.text:_outc</name>
         <load_address>0x14da0</load_address>
         <run_address>0x14da0</run_address>
         <size>0x14</size>
         <input_file_ref idref="fl-aa"/>
      </object_component>
      <object_component id="oc-d3">
         <name>.text:memcpy</name>
         <load_address>0x14db4</load_address>
         <run_address>0x14db4</run_address>
         <size>0x14</size>
         <input_file_ref idref="fl-9e"/>
      </object_component>
      <object_component id="oc-6b">
         <name>.text:decompress:none:__TI_decompress_none</name>
         <load_address>0x14dc8</load_address>
         <run_address>0x14dc8</run_address>
         <size>0x12</size>
         <input_file_ref idref="fl-79"/>
      </object_component>
      <object_component id="oc-45d">
         <name>.text:lpwstrncpy</name>
         <load_address>0x14dda</load_address>
         <run_address>0x14dda</run_address>
         <size>0x12</size>
         <input_file_ref idref="fl-f"/>
      </object_component>
      <object_component id="oc-3cf">
         <name>.text:screen_strncpy</name>
         <load_address>0x14dec</load_address>
         <run_address>0x14dec</run_address>
         <size>0x12</size>
         <input_file_ref idref="fl-3d"/>
      </object_component>
      <object_component id="oc-537">
         <name>.text:toupper</name>
         <load_address>0x14dfe</load_address>
         <run_address>0x14dfe</run_address>
         <size>0x12</size>
         <input_file_ref idref="fl-c9"/>
      </object_component>
      <object_component id="oc-455">
         <name>.text:uint8Strncpy</name>
         <load_address>0x14e10</load_address>
         <run_address>0x14e10</run_address>
         <size>0x12</size>
         <input_file_ref idref="fl-e"/>
      </object_component>
      <object_component id="oc-6a8">
         <name>.text:l_asr</name>
         <load_address>0x14e22</load_address>
         <run_address>0x14e22</run_address>
         <size>0x10</size>
         <input_file_ref idref="fl-b2"/>
      </object_component>
      <object_component id="oc-6a3">
         <name>.text:l_lsl</name>
         <load_address>0x14e32</load_address>
         <run_address>0x14e32</run_address>
         <size>0x10</size>
         <input_file_ref idref="fl-9c"/>
      </object_component>
      <object_component id="oc-623">
         <name>.text:l_lsr</name>
         <load_address>0x14e42</load_address>
         <run_address>0x14e42</run_address>
         <size>0x10</size>
         <input_file_ref idref="fl-9d"/>
      </object_component>
      <object_component id="oc-488">
         <name>.text:strlen</name>
         <load_address>0x14e52</load_address>
         <run_address>0x14e52</run_address>
         <size>0xe</size>
         <input_file_ref idref="fl-c7"/>
      </object_component>
      <object_component id="oc-17a">
         <name>.text:Timer_A_disableCaptureCompareInterrupt</name>
         <load_address>0x14e60</load_address>
         <run_address>0x14e60</run_address>
         <size>0xc</size>
         <input_file_ref idref="fl-2f"/>
      </object_component>
      <object_component id="oc-183">
         <name>.text:Timer_A_enableCaptureCompareInterrupt</name>
         <load_address>0x14e6c</load_address>
         <run_address>0x14e6c</run_address>
         <size>0xc</size>
         <input_file_ref idref="fl-2f"/>
      </object_component>
      <object_component id="oc-1b9">
         <name>.text:Timer_A_setCompareValue</name>
         <load_address>0x14e78</load_address>
         <run_address>0x14e78</run_address>
         <size>0xc</size>
         <input_file_ref idref="fl-2f"/>
      </object_component>
      <object_component id="oc-35a">
         <name>.text:USCI_A_UART_clearInterrupt</name>
         <load_address>0x14e84</load_address>
         <run_address>0x14e84</run_address>
         <size>0xc</size>
         <input_file_ref idref="fl-35"/>
      </object_component>
      <object_component id="oc-472">
         <name>.text:USCI_B_SPI_clearInterrupt</name>
         <load_address>0x14e90</load_address>
         <run_address>0x14e90</run_address>
         <size>0xc</size>
         <input_file_ref idref="fl-37"/>
      </object_component>
      <object_component id="oc-18a">
         <name>.text:USCI_B_SPI_disableInterrupt</name>
         <load_address>0x14e9c</load_address>
         <run_address>0x14e9c</run_address>
         <size>0xc</size>
         <input_file_ref idref="fl-37"/>
      </object_component>
      <object_component id="oc-1a6">
         <name>.text:USCI_B_SPI_enableInterrupt</name>
         <load_address>0x14ea8</load_address>
         <run_address>0x14ea8</run_address>
         <size>0xc</size>
         <input_file_ref idref="fl-37"/>
      </object_component>
      <object_component id="oc-61b">
         <name>.text:__mspabi_fltid</name>
         <load_address>0x14eb4</load_address>
         <run_address>0x14eb4</run_address>
         <size>0xc</size>
         <input_file_ref idref="fl-ba"/>
      </object_component>
      <object_component id="oc-2db">
         <name>.text:inittrigger</name>
         <load_address>0x14ec0</load_address>
         <run_address>0x14ec0</run_address>
         <size>0xc</size>
         <input_file_ref idref="fl-d"/>
      </object_component>
      <object_component id="oc-398">
         <name>.text:Timer_A_clearCaptureCompareInterrupt</name>
         <load_address>0x14ecc</load_address>
         <run_address>0x14ecc</run_address>
         <size>0xa</size>
         <input_file_ref idref="fl-2f"/>
      </object_component>
      <object_component id="oc-1ad">
         <name>.text:Timer_A_getCaptureCompareCount</name>
         <load_address>0x14ed6</load_address>
         <run_address>0x14ed6</run_address>
         <size>0xa</size>
         <input_file_ref idref="fl-2f"/>
      </object_component>
      <object_component id="oc-24b">
         <name>.text:USCI_A_UART_getInterruptStatus</name>
         <load_address>0x14ee0</load_address>
         <run_address>0x14ee0</run_address>
         <size>0xa</size>
         <input_file_ref idref="fl-35"/>
      </object_component>
      <object_component id="oc-4e4">
         <name>.text:USCI_B_SPI_getInterruptStatus</name>
         <load_address>0x14eea</load_address>
         <run_address>0x14eea</run_address>
         <size>0xa</size>
         <input_file_ref idref="fl-37"/>
      </object_component>
      <object_component id="oc-4ea">
         <name>.text:USCI_B_SPI_transmitData</name>
         <load_address>0x14ef4</load_address>
         <run_address>0x14ef4</run_address>
         <size>0xa</size>
         <input_file_ref idref="fl-37"/>
      </object_component>
      <object_component id="oc-630">
         <name>.text:abs</name>
         <load_address>0x14efe</load_address>
         <run_address>0x14efe</run_address>
         <size>0xa</size>
         <input_file_ref idref="fl-af"/>
      </object_component>
      <object_component id="oc-518">
         <name>.text</name>
         <load_address>0x14f08</load_address>
         <run_address>0x14f08</run_address>
         <size>0xa</size>
         <input_file_ref idref="fl-9b"/>
      </object_component>
      <object_component id="oc-68b">
         <name>.text</name>
         <load_address>0x14f12</load_address>
         <run_address>0x14f12</run_address>
         <size>0xa</size>
         <input_file_ref idref="fl-d0"/>
      </object_component>
      <object_component id="oc-170">
         <name>.text:USCI_B_SPI_receiveData</name>
         <load_address>0x14f1c</load_address>
         <run_address>0x14f1c</run_address>
         <size>0x8</size>
         <input_file_ref idref="fl-37"/>
      </object_component>
      <object_component id="oc-3a4">
         <name>.text:Timer_A_startCounter</name>
         <load_address>0x14f24</load_address>
         <run_address>0x14f24</run_address>
         <size>0x6</size>
         <input_file_ref idref="fl-2f"/>
      </object_component>
      <object_component id="oc-34e">
         <name>.text:USCI_A_UART_enable</name>
         <load_address>0x14f2a</load_address>
         <run_address>0x14f2a</run_address>
         <size>0x6</size>
         <input_file_ref idref="fl-35"/>
      </object_component>
      <object_component id="oc-388">
         <name>.text:USCI_B_SPI_enable</name>
         <load_address>0x14f30</load_address>
         <run_address>0x14f30</run_address>
         <size>0x6</size>
         <input_file_ref idref="fl-37"/>
      </object_component>
      <object_component id="oc-71">
         <name>.text:decompress:rle24:__TI_decompress_rle24</name>
         <load_address>0x14f36</load_address>
         <run_address>0x14f36</run_address>
         <size>0x6</size>
         <input_file_ref idref="fl-7a"/>
      </object_component>
      <object_component id="oc-123">
         <name>.text:_system_pre_init</name>
         <load_address>0x14f3c</load_address>
         <run_address>0x14f3c</run_address>
         <size>0x4</size>
         <input_file_ref idref="fl-a9"/>
      </object_component>
      <object_component id="oc-14b">
         <name>.text:abort</name>
         <load_address>0x14f40</load_address>
         <run_address>0x14f40</run_address>
         <size>0x4</size>
         <input_file_ref idref="fl-83"/>
      </object_component>
      <object_component id="oc-290">
         <name>.text:_nop</name>
         <load_address>0x14f44</load_address>
         <run_address>0x14f44</run_address>
         <size>0x2</size>
         <input_file_ref idref="fl-ad"/>
      </object_component>
      <object_component id="oc-fe">
         <name>.text:_isr:USCI_A1_ISR</name>
         <load_address>0x5c00</load_address>
         <run_address>0x5c00</run_address>
         <size>0x64</size>
         <input_file_ref idref="fl-3f"/>
      </object_component>
      <object_component id="oc-110">
         <name>.text:_isr:USCI_B0_ISR</name>
         <load_address>0x5c64</load_address>
         <run_address>0x5c64</run_address>
         <size>0x58</size>
         <input_file_ref idref="fl-8"/>
      </object_component>
      <object_component id="oc-10a">
         <name>.text:_isr:USCI_B2_ISR</name>
         <load_address>0x5cbc</load_address>
         <run_address>0x5cbc</run_address>
         <size>0x4c</size>
         <input_file_ref idref="fl-a"/>
      </object_component>
      <object_component id="oc-116">
         <name>.text:_isr:USCI_A0_ISR</name>
         <load_address>0x5d08</load_address>
         <run_address>0x5d08</run_address>
         <size>0x2c</size>
         <input_file_ref idref="fl-40"/>
      </object_component>
      <object_component id="oc-f8">
         <name>.text:_isr:USCI_B1_ISR</name>
         <load_address>0x5d34</load_address>
         <run_address>0x5d34</run_address>
         <size>0x2c</size>
         <input_file_ref idref="fl-9"/>
      </object_component>
      <object_component id="oc-104">
         <name>.text:_isr:TIMER1_A0_ISR</name>
         <load_address>0x5d60</load_address>
         <run_address>0x5d60</run_address>
         <size>0x26</size>
         <input_file_ref idref="fl-4"/>
      </object_component>
      <object_component id="oc-ab">
         <name>.text:_isr:_c_int00_noargs_noexit</name>
         <load_address>0x5d86</load_address>
         <run_address>0x5d86</run_address>
         <size>0x1a</size>
         <input_file_ref idref="fl-78"/>
      </object_component>
      <object_component id="oc-f2">
[...]
      </symbol>
      <symbol id="sm-813">
         <name>__mspabi_divul</name>
         <value>0x141e8</value>
         <object_component_ref idref="oc-43f"/>
      </symbol>
      <symbol id="sm-81e">
         <name>C$$EXIT</name>
         <value>0x14f40</value>
         <object_component_ref idref="oc-14b"/>
      </symbol>
      <symbol id="sm-81f">
         <name>abort</name>
         <value>0x14f40</value>
         <object_component_ref idref="oc-14b"/>
      </symbol>
      <symbol id="sm-856">
         <name>__TI_int41</name>
         <value>0xffd2</value>
         <object_component_ref idref="oc-77"/>
      </symbol>
      <symbol id="sm-859">
         <name>__TI_int42</name>
         <value>0xffd4</value>
         <object_component_ref idref="oc-78"/>
      </symbol>
      <symbol id="sm-85c">
         <name>__TI_int44</name>
         <value>0xffd8</value>
         <object_component_ref idref="oc-7a"/>
      </symbol>
      <symbol id="sm-85f">
         <name>__TI_int47</name>
         <value>0xffde</value>
         <object_component_ref idref="oc-7d"/>
      </symbol>
      <symbol id="sm-862">
         <name>__TI_int48</name>
         <value>0xffe0</value>
         <object_component_ref idref="oc-7e"/>
      </symbol>
      <symbol id="sm-865">
         <name>__TI_int50</name>
         <value>0xffe4</value>
         <object_component_ref idref="oc-80"/>
      </symbol>
      <symbol id="sm-868">
         <name>__TI_int52</name>
         <value>0xffe8</value>
         <object_component_ref idref="oc-82"/>
      </symbol>
      <symbol id="sm-86b">
         <name>__TI_int53</name>
         <value>0xffea</value>
         <object_component_ref idref="oc-83"/>
      </symbol>
      <symbol id="sm-86e">
         <name>__TI_int54</name>
         <value>0xffec</value>
         <object_component_ref idref="oc-84"/>
      </symbol>
      <symbol id="sm-871">
         <name>__TI_int55</name>
         <value>0xffee</value>
         <object_component_ref idref="oc-85"/>
      </symbol>
      <symbol id="sm-874">
         <name>__TI_int58</name>
         <value>0xfff4</value>
         <object_component_ref idref="oc-88"/>
      </symbol>
      <symbol id="sm-877">
         <name>__TI_int59</name>
         <value>0xfff6</value>
         <object_component_ref idref="oc-89"/>
      </symbol>
      <symbol id="sm-87a">
         <name>__TI_int60</name>
         <value>0xfff8</value>
         <object_component_ref idref="oc-8a"/>
      </symbol>
      <symbol id="sm-87d">
         <name>__TI_int61</name>
         <value>0xfffa</value>
         <object_component_ref idref="oc-8b"/>
      </symbol>
      <symbol id="sm-880">
         <name>__TI_int62</name>
         <value>0xfffc</value>
         <object_component_ref idref="oc-8c"/>
      </symbol>
      <symbol id="sm-888">
         <name>__TI_ISR_TRAP</name>
         <value>0x5db8</value>
         <object_component_ref idref="oc-ed"/>
      </symbol>
      <symbol id="sm-891">
         <name>__mspabi_slli</name>
         <value>0x14f08</value>
         <object_component_ref idref="oc-518"/>
      </symbol>
      <symbol id="sm-8a1">
         <name>__mspabi_slll_9</name>
         <value>0x146ca</value>
         <object_component_ref idref="oc-1cb"/>
      </symbol>
      <symbol id="sm-8a2">
         <name>__mspabi_slll_8</name>
         <value>0x146ce</value>
         <object_component_ref idref="oc-1cb"/>
      </symbol>
      <symbol id="sm-8a3">
         <name>__mspabi_slll_7</name>
         <value>0x146d2</value>
         <object_component_ref idref="oc-1cb"/>
      </symbol>
      <symbol id="sm-8a4">
         <name>__mspabi_slll_6</name>
         <value>0x146d6</value>
         <object_component_ref idref="oc-1cb"/>
      </symbol>
      <symbol id="sm-8a5">
         <name>__mspabi_slll_5</name>
         <value>0x146da</value>
         <object_component_ref idref="oc-1cb"/>
      </symbol>
      <symbol id="sm-8a6">
         <name>__mspabi_slll_4</name>
         <value>0x146de</value>
         <object_component_ref idref="oc-1cb"/>
      </symbol>
      <symbol id="sm-8a7">
         <name>__mspabi_slll_3</name>
         <value>0x146e2</value>
         <object_component_ref idref="oc-1cb"/>
      </symbol>
      <symbol id="sm-8a8">
         <name>__mspabi_slll_2</name>
         <value>0x146e6</value>
         <object_component_ref idref="oc-1cb"/>
      </symbol>
      <symbol id="sm-8a9">
         <name>__mspabi_slll_1</name>
         <value>0x146ea</value>
         <object_component_ref idref="oc-1cb"/>
      </symbol>
      <symbol id="sm-8aa">
         <name>__mspabi_slll</name>
         <value>0x14e32</value>
         <object_component_ref idref="oc-6a3"/>
      </symbol>
      <symbol id="sm-8ab">
         <name>__mspabi_slll_15</name>
         <value>0x146b2</value>
         <object_component_ref idref="oc-1cb"/>
      </symbol>
      <symbol id="sm-8ac">
         <name>__mspabi_slll_14</name>
         <value>0x146b6</value>
         <object_component_ref idref="oc-1cb"/>
      </symbol>
      <symbol id="sm-8ad">
         <name>__mspabi_slll_13</name>
         <value>0x146ba</value>
         <object_component_ref idref="oc-1cb"/>
      </symbol>
      <symbol id="sm-8ae">
         <name>__mspabi_slll_12</name>
         <value>0x146be</value>
         <object_component_ref idref="oc-1cb"/>
      </symbol>
      <symbol id="sm-8af">
         <name>__mspabi_slll_11</name>
         <value>0x146c2</value>
         <object_component_ref idref="oc-1cb"/>
      </symbol>
      <symbol id="sm-8b0">
         <name>__mspabi_slll_10</name>
         <value>0x146c6</value>
         <object_component_ref idref="oc-1cb"/>
      </symbol>
      <symbol id="sm-8c0">
         <name>__mspabi_srll_8</name>
         <value>0x1470c</value>
         <object_component_ref idref="oc-47e"/>
      </symbol>
      <symbol id="sm-8c1">
         <name>__mspabi_srll_9</name>
         <value>0x14708</value>
         <object_component_ref idref="oc-47e"/>
      </symbol>
      <symbol id="sm-8c2">
         <name>__mspabi_srll_6</name>
         <value>0x14714</value>
         <object_component_ref idref="oc-47e"/>
      </symbol>
      <symbol id="sm-8c3">
         <name>__mspabi_srll_7</name>
         <value>0x14710</value>
         <object_component_ref idref="oc-47e"/>
      </symbol>
      <symbol id="sm-8c4">
         <name>__mspabi_srll_4</name>
         <value>0x1471c</value>
         <object_component_ref idref="oc-47e"/>
      </symbol>
      <symbol id="sm-8c5">
         <name>__mspabi_srll_5</name>
         <value>0x14718</value>
         <object_component_ref idref="oc-47e"/>
      </symbol>
      <symbol id="sm-8c6">
         <name>__mspabi_srll_2</name>
         <value>0x14724</value>
         <object_component_ref idref="oc-47e"/>
      </symbol>
      <symbol id="sm-8c7">
         <name>__mspabi_srll_3</name>
         <value>0x14720</value>
         <object_component_ref idref="oc-47e"/>
      </symbol>
      <symbol id="sm-8c8">
         <name>__mspabi_srll_1</name>
         <value>0x14728</value>
         <object_component_ref idref="oc-47e"/>
      </symbol>
      <symbol id="sm-8c9">
         <name>__mspabi_srll_15</name>
         <value>0x146f0</value>
         <object_component_ref idref="oc-47e"/>
      </symbol>
      <symbol id="sm-8ca">
         <name>__mspabi_srll_14</name>
         <value>0x146f4</value>
         <object_component_ref idref="oc-47e"/>
      </symbol>
      <symbol id="sm-8cb">
         <name>__mspabi_srll_13</name>
         <value>0x146f8</value>
         <object_component_ref idref="oc-47e"/>
      </symbol>
      <symbol id="sm-8cc">
         <name>__mspabi_srll_12</name>
         <value>0x146fc</value>
         <object_component_ref idref="oc-47e"/>
      </symbol>
      <symbol id="sm-8cd">
         <name>__mspabi_srll_11</name>
         <value>0x14700</value>
         <object_component_ref idref="oc-47e"/>
      </symbol>
      <symbol id="sm-8ce">
         <name>__mspabi_srll_10</name>
         <value>0x14704</value>
         <object_component_ref idref="oc-47e"/>
      </symbol>
      <symbol id="sm-8cf">
         <name>__mspabi_srll</name>
         <value>0x14e42</value>
         <object_component_ref idref="oc-623"/>
      </symbol>
      <symbol id="sm-8e2">
         <name>memcpy</name>
         <value>0x14db4</value>
         <object_component_ref idref="oc-d3"/>
      </symbol>
      <symbol id="sm-8f0">
         <name>memset</name>
         <value>0x14d1c</value>
         <object_component_ref idref="oc-2e3"/>
      </symbol>
      <symbol id="sm-911">
         <name>__mspabi_mpyd</name>
         <value>0x10da8</value>
         <object_component_ref idref="oc-59d"/>
      </symbol>
      <symbol id="sm-927">
         <name>__mspabi_mpyi_f5hw</name>
         <value>0x14d5e</value>
         <object_component_ref idref="oc-334"/>
      </symbol>
      <symbol id="sm-949">
         <name>__mspabi_mpyl_f5hw</name>
         <value>0x14b92</value>
         <object_component_ref idref="oc-51d"/>
      </symbol>
      <symbol id="sm-95f">
         <name>_system_pre_init</name>
         <value>0x14f3c</value>
         <object_component_ref idref="oc-123"/>
      </symbol>
      <symbol id="sm-980">
         <name>sprintf</name>
         <value>0x14532</value>
         <object_component_ref idref="oc-317"/>
      </symbol>
      <symbol id="sm-98f">
         <name>strchr</name>
         <value>0x14ce6</value>
         <object_component_ref idref="oc-668"/>
      </symbol>
      <symbol id="sm-9a6">
         <name>_nop</name>
         <value>0x14f44</value>
         <object_component_ref idref="oc-290"/>
      </symbol>
      <symbol id="sm-9a7">
         <name>_lock</name>
         <value>0x220a</value>
         <object_component_ref idref="oc-1e9"/>
      </symbol>
      <symbol id="sm-9a8">
         <name>_unlock</name>
         <value>0x220e</value>
         <object_component_ref idref="oc-1f2"/>
      </symbol>
      <symbol id="sm-b71">
         <name>__TI_printfi</name>
         <value>0x11d42</value>
         <object_component_ref idref="oc-413"/>
      </symbol>
      <symbol id="sm-b7b">
         <name>abs</name>
         <value>0x14efe</value>
         <object_component_ref idref="oc-630"/>
      </symbol>
      <symbol id="sm-b9d">
         <name>__mspabi_addd</name>
         <value>0x10ad0</value>
         <object_component_ref idref="oc-63a"/>
      </symbol>
      <symbol id="sm-baf">
         <name>__mspabi_sral</name>
         <value>0x14e22</value>
         <object_component_ref idref="oc-6a8"/>
      </symbol>
      <symbol id="sm-bb0">
         <name>__mspabi_sral_15</name>
         <value>0x14674</value>
         <object_component_ref idref="oc-643"/>
      </symbol>
      <symbol id="sm-bb1">
         <name>__mspabi_sral_14</name>
         <value>0x14678</value>
         <object_component_ref idref="oc-643"/>
      </symbol>
      <symbol id="sm-bb2">
         <name>__mspabi_sral_13</name>
         <value>0x1467c</value>
         <object_component_ref idref="oc-643"/>
      </symbol>
      <symbol id="sm-bb3">
         <name>__mspabi_sral_12</name>
         <value>0x14680</value>
         <object_component_ref idref="oc-643"/>
      </symbol>
      <symbol id="sm-bb4">
         <name>__mspabi_sral_11</name>
         <value>0x14684</value>
         <object_component_ref idref="oc-643"/>
      </symbol>
      <symbol id="sm-bb5">
         <name>__mspabi_sral_10</name>
         <value>0x14688</value>
         <object_component_ref idref="oc-643"/>
      </symbol>
      <symbol id="sm-bb6">
         <name>__mspabi_sral_8</name>
         <value>0x14690</value>
         <object_component_ref idref="oc-643"/>
      </symbol>
      <symbol id="sm-bb7">
         <name>__mspabi_sral_9</name>
         <value>0x1468c</value>
         <object_component_ref idref="oc-643"/>
      </symbol>
      <symbol id="sm-bb8">
         <name>__mspabi_sral_6</name>
         <value>0x14698</value>
         <object_component_ref idref="oc-643"/>
      </symbol>
      <symbol id="sm-bb9">
         <name>__mspabi_sral_7</name>
         <value>0x14694</value>
         <object_component_ref idref="oc-643"/>
      </symbol>
      <symbol id="sm-bba">
         <name>__mspabi_sral_4</name>
         <value>0x146a0</value>
         <object_component_ref idref="oc-643"/>
      </symbol>
      <symbol id="sm-bbb">
         <name>__mspabi_sral_5</name>
         <value>0x1469c</value>
         <object_component_ref idref="oc-643"/>
      </symbol>
      <symbol id="sm-bbc">
         <name>__mspabi_sral_2</name>
         <value>0x146a8</value>
         <object_component_ref idref="oc-643"/>
      </symbol>
      <symbol id="sm-bbd">
         <name>__mspabi_sral_3</name>
         <value>0x146a4</value>
         <object_component_ref idref="oc-643"/>
      </symbol>
      <symbol id="sm-bbe">
         <name>__mspabi_sral_1</name>
         <value>0x146ac</value>
         <object_component_ref idref="oc-643"/>
      </symbol>
      <symbol id="sm-bda">
         <name>_auto_init_hold_wdt</name>
         <value>0x13ecc</value>
         <object_component_ref idref="oc-129"/>
      </symbol>
      <symbol id="sm-bf4">
         <name>__mspabi_cmpd</name>
         <value>0x12fc8</value>
         <object_component_ref idref="oc-561"/>
      </symbol>
      <symbol id="sm-c26">
         <name>__mspabi_divull</name>
         <value>0x10452</value>
         <object_component_ref idref="oc-5c5"/>
      </symbol>
      <symbol id="sm-c47">
         <name>__mspabi_divd</name>
         <value>0x114de</value>
         <object_component_ref idref="oc-5a3"/>
      </symbol>
      <symbol id="sm-c4e">
         <name>_Errno</name>
         <value>0x2218</value>
         <object_component_ref idref="oc-69b"/>
      </symbol>
      <symbol id="sm-c5b">
         <name>__mspabi_fixdi</name>
         <value>0x14b20</value>
         <object_component_ref idref="oc-5e0"/>
      </symbol>
      <symbol id="sm-c6a">
         <name>__mspabi_fixdli</name>
         <value>0x14008</value>
         <object_component_ref idref="oc-5e6"/>
      </symbol>
      <symbol id="sm-c73">
         <name>__mspabi_fltid</name>
         <value>0x14eb4</value>
         <object_component_ref idref="oc-61b"/>
      </symbol>
      <symbol id="sm-c8b">
         <name>__mspabi_fltlid</name>
         <value>0x1359a</value>
         <object_component_ref idref="oc-5d4"/>
      </symbol>
      <symbol id="sm-cac">
         <name>__TI_frcaddd</name>
         <value>0x1128c</value>
         <object_component_ref idref="oc-67a"/>
      </symbol>
      <symbol id="sm-cc7">
         <name>__TI_frcdivd</name>
         <value>0x10000</value>
         <object_component_ref idref="oc-5f9"/>
      </symbol>
      <symbol id="sm-cd8">
         <name>__TI_frcmpyd</name>
         <value>0x107ec</value>
         <object_component_ref idref="oc-5f1"/>
      </symbol>
      <symbol id="sm-ce4">
         <name>frexp</name>
         <value>0x14576</value>
         <object_component_ref idref="oc-5aa"/>
      </symbol>
      <symbol id="sm-cf4">
         <name>ldexp</name>
         <value>0x13a8a</value>
         <object_component_ref idref="oc-609"/>
      </symbol>
      <symbol id="sm-d01">
         <name>__mspabi_sllll</name>
         <value>0x1476a</value>
         <object_component_ref idref="oc-628"/>
      </symbol>
      <symbol id="sm-d0e">
         <name>__mspabi_srlll</name>
         <value>0x147a4</value>
         <object_component_ref idref="oc-5bf"/>
      </symbol>
      <symbol id="sm-d1d">
         <name>ltoa</name>
         <value>0x13b94</value>
         <object_component_ref idref="oc-5ce"/>
      </symbol>
      <symbol id="sm-d2c">
         <name>memccpy</name>
         <value>0x14c90</value>
         <object_component_ref idref="oc-505"/>
      </symbol>
      <symbol id="sm-d35">
         <name>__mspabi_negd</name>
         <value>0x149c2</value>
         <object_component_ref idref="oc-543"/>
      </symbol>
      <symbol id="sm-d49">
         <name>__TI_renormd</name>
         <value>0x1324a</value>
         <object_component_ref idref="oc-6ad"/>
      </symbol>
      <symbol id="sm-d56">
         <name>strlen</name>
         <value>0x14e52</value>
         <object_component_ref idref="oc-488"/>
      </symbol>
      <symbol id="sm-d5f">
         <name>__mspabi_subd</name>
         <value>0x1495e</value>
         <object_component_ref idref="oc-5da"/>
      </symbol>
      <symbol id="sm-d6c">
         <name>toupper</name>
         <value>0x14dfe</value>
         <object_component_ref idref="oc-537"/>
      </symbol>
      <symbol id="sm-d7a">
         <name>_Dclass</name>
         <value>0x142e2</value>
         <object_component_ref idref="oc-53d"/>
      </symbol>
      <symbol id="sm-d9e">
         <name>_Dscale</name>
         <value>0x122ea</value>
         <object_component_ref idref="oc-65a"/>
      </symbol>
      <symbol id="sm-db0">
         <name>_Dunscale</name>
         <value>0x13dea</value>
         <object_component_ref idref="oc-601"/>
      </symbol>
      <symbol id="sm-dbc">
         <name>_Feraise</name>
         <value>0x148be</value>
         <object_component_ref idref="oc-660"/>
      </symbol>
      <symbol id="sm-dc3">
         <name>_Rteps</name>
         <value>0x21b4</value>
         <object_component_ref idref="oc-690"/>
      </symbol>
      <symbol id="sm-dc4">
         <name>_Zero</name>
         <value>0x21cc</value>
         <object_component_ref idref="oc-690"/>
      </symbol>
      <symbol id="sm-dc5">
         <name>_Hugeval</name>
         <value>0x2174</value>
         <object_component_ref idref="oc-690"/>
      </symbol>
      <symbol id="sm-dc6">
         <name>_Snan</name>
         <value>0x21a4</value>
         <object_component_ref idref="oc-690"/>
      </symbol>
      <symbol id="sm-dc7">
         <name>_Nan</name>
         <value>0x2194</value>
         <object_component_ref idref="oc-690"/>
      </symbol>
      <symbol id="sm-dc8">
         <name>_Inf</name>
         <value>0x2184</value>
         <object_component_ref idref="oc-690"/>
      </symbol>
      <symbol id="sm-dc9">
         <name>_Xbig</name>
         <value>0x21c4</value>
         <object_component_ref idref="oc-690"/>
      </symbol>
      <symbol id="sm-dca">
         <name>_Eps</name>
         <value>0x2164</value>
         <object_component_ref idref="oc-690"/>
      </symbol>
      <symbol id="sm-dcb">
         <name>_Denorm</name>
         <value>0x2154</value>
         <object_component_ref idref="oc-690"/>
      </symbol>
      <symbol id="sm-de3">
         <name>feraiseexcept</name>
         <value>0x1492a</value>
         <object_component_ref idref="oc-695"/>
      </symbol>
      <symbol id="sm-de4">
         <name>_Tls_setup__Fenv</name>
         <value>0x21fe</value>
         <object_component_ref idref="oc-6c3"/>
      </symbol>
      <symbol id="sm-de5">
         <name>_Fenv</name>
         <value>0x21fa</value>
         <object_component_ref idref="oc-6c3"/>
      </symbol>
      <symbol id="sm-dee">
         <name>__mspabi_srli</name>
         <value>0x14f12</value>
         <object_component_ref idref="oc-68b"/>
      </symbol>
      <symbol id="sm-e02">
         <name>raise</name>
         <value>0x14990</value>
         <object_component_ref idref="oc-6c6"/>
      </symbol>
      <symbol id="sm-e17">
         <name>signal</name>
         <value>0x14886</value>
         <object_component_ref idref="oc-6df"/>
      </symbol>
      <symbol id="sm-e2a">
         <name>_Dnorm</name>
         <value>0x12b0c</value>
         <object_component_ref idref="oc-650"/>
      </symbol>
      <symbol id="sm-e2c">
         <name>__TI_INITARRAY_Base</name>
         <value>0x0</value>
      </symbol>
      <symbol id="sm-e2d">
         <name>__TI_INITARRAY_Limit</name>
         <value>0x0</value>
      </symbol>
   </symbol_table>
   <title>Link successful</title>
</link_info>
